Archive member included to satisfy reference by file (symbol)

/usr/lib/gcc/arm-none-eabi/13.2.1/../../../arm-none-eabi/lib/thumb/v7e-m+fp/hard/libc.a(libc_a-strlen.o)
                              _build/display.o (strlen)
/usr/lib/gcc/arm-none-eabi/13.2.1/../../../arm-none-eabi/lib/thumb/v7e-m+fp/hard/libc.a(libc_a-memset.o)
                              /usr/lib/gcc/arm-none-eabi/13.2.1/../../../arm-none-eabi/lib/thumb/v7e-m+fp/hard/crt0.o (memset)
/usr/lib/gcc/arm-none-eabi/13.2.1/../../../arm-none-eabi/lib/thumb/v7e-m+fp/hard/libc.a(libc_a-impure.o)
                              _build/microbit_before_startup.o (_impure_ptr)
/usr/lib/gcc/arm-none-eabi/13.2.1/../../../arm-none-eabi/lib/thumb/v7e-m+fp/hard/libc.a(libc_a-setbuf.o)
                              _build/microbit_before_startup.o (setbuf)
/usr/lib/gcc/arm-none-eabi/13.2.1/../../../arm-none-eabi/lib/thumb/v7e-m+fp/hard/libc.a(libc_a-memcmp.o)
                              _build/nrf_twi_mngr.o (memcmp)
/usr/lib/gcc/arm-none-eabi/13.2.1/../../../arm-none-eabi/lib/thumb/v7e-m+fp/hard/libc.a(libc_a-snprintf.o)
                              _build/alarm_system.o (snprintf)
/usr/lib/gcc/arm-none-eabi/13.2.1/../../../arm-none-eabi/lib/thumb/v7e-m+fp/hard/libc.a(libc_a-memcpy.o)
                              _build/display.o (memcpy)
/usr/lib/gcc/arm-none-eabi/13.2.1/../../../arm-none-eabi/lib/thumb/v7e-m+fp/hard/libc.a(libc_a-init.o)
                              /usr/lib/gcc/arm-none-eabi/13.2.1/../../../arm-none-eabi/lib/thumb/v7e-m+fp/hard/crt0.o (__libc_init_array)
/usr/lib/gcc/arm-none-eabi/13.2.1/../../../arm-none-eabi/lib/thumb/v7e-m+fp/hard/libc.a(libc_a-findfp.o)
                              /usr/lib/gcc/arm-none-eabi/13.2.1/../../../arm-none-eabi/lib/thumb/v7e-m+fp/hard/libc.a(libc_a-impure.o) (__sf)
/usr/lib/gcc/arm-none-eabi/13.2.1/../../../arm-none-eabi/lib/thumb/v7e-m+fp/hard/libc.a(libc_a-exit.o)
                              /usr/lib/gcc/arm-none-eabi/13.2.1/../../../arm-none-eabi/lib/thumb/v7e-m+fp/hard/crt0.o (exit)
/usr/lib/gcc/arm-none-eabi/13.2.1/../../../arm-none-eabi/lib/thumb/v7e-m+fp/hard/libc.a(libc_a-ctype_.o)
                              _build/nrf_log_str_formatter.o (_ctype_)
/usr/lib/gcc/arm-none-eabi/13.2.1/../../../arm-none-eabi/lib/thumb/v7e-m+fp/hard/libc.a(libc_a-atexit.o)
                              /usr/lib/gcc/arm-none-eabi/13.2.1/../../../arm-none-eabi/lib/thumb/v7e-m+fp/hard/crt0.o (atexit)
/usr/lib/gcc/arm-none-eabi/13.2.1/../../../arm-none-eabi/lib/thumb/v7e-m+fp/hard/libc.a(libc_a-sprintf.o)
                              _build/alarm_system.o (sprintf)
/usr/lib/gcc/arm-none-eabi/13.2.1/../../../arm-none-eabi/lib/thumb/v7e-m+fp/hard/libc.a(libc_a-printf.o)
                              _build/button.o (printf)
/usr/lib/gcc/arm-none-eabi/13.2.1/../../../arm-none-eabi/lib/thumb/v7e-m+fp/hard/libc.a(libc_a-strcpy.o)
                              _build/configuration_mode.o (strcpy)
/usr/lib/gcc/arm-none-eabi/13.2.1/../../../arm-none-eabi/lib/thumb/v7e-m+fp/hard/libc.a(libc_a-fini.o)
                              /usr/lib/gcc/arm-none-eabi/13.2.1/../../../arm-none-eabi/lib/thumb/v7e-m+fp/hard/crt0.o (__libc_fini_array)
/usr/lib/gcc/arm-none-eabi/13.2.1/../../../arm-none-eabi/lib/thumb/v7e-m+fp/hard/libc.a(libc_a-fwalk.o)
                              /usr/lib/gcc/arm-none-eabi/13.2.1/../../../arm-none-eabi/lib/thumb/v7e-m+fp/hard/libc.a(libc_a-findfp.o) (_fwalk_sglue)
/usr/lib/gcc/arm-none-eabi/13.2.1/../../../arm-none-eabi/lib/thumb/v7e-m+fp/hard/libc.a(libc_a-vfprintf.o)
                              /usr/lib/gcc/arm-none-eabi/13.2.1/../../../arm-none-eabi/lib/thumb/v7e-m+fp/hard/libc.a(libc_a-printf.o) (_vfprintf_r)
/usr/lib/gcc/arm-none-eabi/13.2.1/../../../arm-none-eabi/lib/thumb/v7e-m+fp/hard/libc.a(libc_a-memchr.o)
                              /usr/lib/gcc/arm-none-eabi/13.2.1/../../../arm-none-eabi/lib/thumb/v7e-m+fp/hard/libc.a(libc_a-vfprintf.o) (memchr)
/usr/lib/gcc/arm-none-eabi/13.2.1/../../../arm-none-eabi/lib/thumb/v7e-m+fp/hard/libc.a(libc_a-svfprintf.o)
                              /usr/lib/gcc/arm-none-eabi/13.2.1/../../../arm-none-eabi/lib/thumb/v7e-m+fp/hard/libc.a(libc_a-snprintf.o) (_svfprintf_r)
/usr/lib/gcc/arm-none-eabi/13.2.1/../../../arm-none-eabi/lib/thumb/v7e-m+fp/hard/libc.a(libc_a-fflush.o)
                              /usr/lib/gcc/arm-none-eabi/13.2.1/../../../arm-none-eabi/lib/thumb/v7e-m+fp/hard/libc.a(libc_a-vfprintf.o) (_fflush_r)
/usr/lib/gcc/arm-none-eabi/13.2.1/../../../arm-none-eabi/lib/thumb/v7e-m+fp/hard/libc.a(libc_a-setvbuf.o)
                              /usr/lib/gcc/arm-none-eabi/13.2.1/../../../arm-none-eabi/lib/thumb/v7e-m+fp/hard/libc.a(libc_a-setbuf.o) (setvbuf)
/usr/lib/gcc/arm-none-eabi/13.2.1/../../../arm-none-eabi/lib/thumb/v7e-m+fp/hard/libc.a(libc_a-mallocr.o)
                              /usr/lib/gcc/arm-none-eabi/13.2.1/../../../arm-none-eabi/lib/thumb/v7e-m+fp/hard/libc.a(libc_a-findfp.o) (_malloc_r)
[...]
Memory Configuration

Name             Origin             Length             Attributes
FLASH            0x00000000         0x00080000         xr
RAM              0x20000000         0x00020000         xrw
*default*        0x00000000         0xffffffff

Linker script and memory map

                0x0007f000                        __stop_ot_flash_data = ((ORIGIN (FLASH) + LENGTH (FLASH)) - FLASH_PAGE_SIZE)
                0x0007b000                        __start_ot_flash_data = (__stop_ot_flash_data - (FLASH_PAGE_SIZE * FLASH_DATA_PAGES_USED))
                0x00000001                        ASSERT ((__start_ot_flash_data >= (__etext + SIZEOF (.data))), Error: Code overlaps flash data area.)

.text           0x00000000    0x1107c
 *(.isr_vector)
 .isr_vector    0x00000000      0x200 _build/gcc_startup_nrf52833.os
                0x00000000                __isr_vector
 *(.text*)
 .text          0x00000200       0x88 /usr/lib/gcc/arm-none-eabi/13.2.1/thumb/v7e-m+fp/hard/crtbegin.o
 .text          0x00000288       0x70 /usr/lib/gcc/arm-none-eabi/13.2.1/../../../arm-none-eabi/lib/thumb/v7e-m+fp/hard/crt0.o
                0x00000288                _stack_init
                0x00000290                _mainCRTStartup
                0x00000290                _start
 .text.nrf_gpio_pin_port_decode
                0x000002f8       0x30 _build/alarm_system.o
 .text.nrf_gpio_cfg_output
                0x00000328       0x1c _build/alarm_system.o
 .text.nrf_gpio_pin_clear
                0x00000344       0x1a _build/alarm_system.o
 .text.nrf_gpio_pin_set
                0x0000035e       0x1a _build/alarm_system.o
 .text.nrf_delay_ms.part.0
                0x00000378       0x1c _build/alarm_system.o
 .text.flash_and_buzz_until_ack
                0x00000394       0x40 _build/alarm_system.o
 .text.alarm_init
                0x000003d4       0x42 _build/alarm_system.o
                0x000003d4                alarm_init
 *fill*         0x00000416        0x2 
 .text.alarm_notify_dispense
                0x00000418       0x48 _build/alarm_system.o
                0x00000418                alarm_notify_dispense
 .text.alarm_disable_notify_dispense
                0x00000460        0x6 _build/alarm_system.o
                0x00000460                alarm_disable_notify_dispense
 *fill*         0x00000466        0x2 
 .text.alarm_intensify_pickup
                0x00000468       0x28 _build/alarm_system.o
                0x00000468                alarm_intensify_pickup
 .text.alarm_container_low_capacity
                0x00000490       0x40 _build/alarm_system.o
                0x00000490                alarm_container_low_capacity
 .text.alarm_bad_environment
                0x000004d0       0x38 _build/alarm_system.o
                0x000004d0                alarm_bad_environment
 .text.alarm_mechanical
                0x00000508       0x28 _build/alarm_system.o
                0x00000508                alarm_mechanical
 .text.nrf_gpio_pin_read
                0x00000530       0x38 _build/button.o
 .text.button_interrupt_handler
                0x00000568       0x60 _build/button.o
 .text.nrf_gpio_cfg_input.constprop.0
                0x000005c8       0x20 _build/button.o
 .text.button_init
                0x000005e8       0x24 _build/button.o
                0x000005e8                button_init
 .text.button_interrupt_init
                0x0000060c       0xdc _build/button.o
                0x0000060c                button_interrupt_init
 .text.button_get
                0x000006e8       0x10 _build/button.o
                0x000006e8                button_get
 .text.nrf_delay_ms.part.0
                0x000006f8       0x1c _build/configuration_mode.o
 .text.configuration_mode
                0x00000714      0x4c4 _build/configuration_mode.o
                0x00000714                configuration_mode
 .text.nrf_delay_ms.part.0
                0x00000bd8       0x1c _build/dispenser_system.o
 .text.ir_sensor_callback
                0x00000bf4       0x38 _build/dispenser_system.o
                0x00000bf4                ir_sensor_callback
 .text.dispenser_init
                0x00000c2c      0x12c _build/dispenser_system.o
                0x00000c2c                dispenser_init
 .text.update_day_of_week
                0x00000d58       0x5c _build/dispenser_system.o
                0x00000d58                update_day_of_week
 .text.dispense
                0x00000db4       0x94 _build/dispenser_system.o
                0x00000db4                dispense
 .text.check_pill_dispense_schedule
                0x00000e48       0xc8 _build/dispenser_system.o
                0x00000e48                check_pill_dispense_schedule
 .text.update_dispense_and_pickup_timers
                0x00000f10      0x104 _build/dispenser_system.o
                0x00000f10                update_dispense_and_pickup_timers
 .text.update_display_info
                0x00001014       0x54 _build/dispenser_system.o
                0x00001014                update_display_info
 .text.dispension_add
                0x00001068       0x7c _build/dispension.o
                0x00001068                dispension_add
 .text.dispension_remove
                0x000010e4       0x50 _build/dispension.o
                0x000010e4                dispension_remove
 .text.display_write_block
                0x00001134       0x2c _build/display.o
 .text.display_reset_addressing
                0x00001160       0x30 _build/display.o
 .text.display_init
                0x00001190       0x48 _build/display.o
                0x00001190                display_init
 .text.display_turn_on
                0x000011d8       0x38 _build/display.o
                0x000011d8                display_turn_on
 .text.display_clear
                0x00001210       0x2a _build/display.o
                0x00001210                display_clear
 *fill*         0x0000123a        0x2 
 .text.display_text
                0x0000123c       0x48 _build/display.o
                0x0000123c                display_text
 .text.humidity_send_command
                0x00001284       0x18 _build/humidity.o
 .text.humidity_init
                0x0000129c       0x30 _build/humidity.o
                0x0000129c                humidity_init
 .text.humidity_measure
                0x000012cc       0xa8 _build/humidity.o
                0x000012cc                humidity_measure
 .text.i2c_init
                0x00001374       0x50 _build/i2c_driver.o
                0x00001374                i2c_init
 .text.i2c_is_initialized
                0x000013c4       0x10 _build/i2c_driver.o
                0x000013c4                i2c_is_initialized
 .text.i2c_write_reg
                0x000013d4       0x38 _build/i2c_driver.o
                0x000013d4                i2c_write_reg
 .text.i2c_write_block
                0x0000140c       0x2c _build/i2c_driver.o
                0x0000140c                i2c_write_block
 .text.i2c_read_reg
                0x00001438       0x48 _build/i2c_driver.o
                0x00001438                i2c_read_reg
 .text.i2c_read_block
                0x00001480       0x30 _build/i2c_driver.o
                0x00001480                i2c_read_block
 .text.alert_callback
                0x000014b0       0x10 _build/ir_sensor.o
 .text.nrf_gpio_pin_read
                0x000014c0       0x38 _build/ir_sensor.o
 .text.ir_handler
                0x000014f8       0x80 _build/ir_sensor.o
 .text.ir_sensor_register_callback
                0x00001578        0xc _build/ir_sensor.o
                0x00001578                ir_sensor_register_callback
 .text.ir_sensor_init
                0x00001584       0x78 _build/ir_sensor.o
                0x00001584                ir_sensor_init
 .text.ir_sensor_read
                0x000015fc       0x18 _build/ir_sensor.o
                0x000015fc                ir_sensor_read
 .text.show_confirmation
                0x00001614       0x38 _build/loading_mode.o
 .text.loading_mode
                0x0000164c      0x12c _build/loading_mode.o
                0x0000164c                loading_mode
 .text.nrf_delay_ms.part.0
                0x00001778       0x1c _build/main.o
 *fill*         0x00001794        0x4 
 .text.startup.main
                0x00001798      0x1bc _build/main.o
                0x00001798                main
 .text.bin2bcd  0x00001954       0x12 _build/rtc.o
 *fill*         0x00001966        0x2 
 .text.rtc_set  0x00001968      0x11c _build/rtc.o
                0x00001968                rtc_set
 .text.rtc_init
                0x00001a84       0x14 _build/rtc.o
                0x00001a84                rtc_init
 .text.rtc_get  0x00001a98      0x11c _build/rtc.o
                0x00001a98                rtc_get
 .text.set_servo_angle
                0x00001bb4       0x78 _build/servo.o
                0x00001bb4                set_servo_angle
 .text.servo_init
                0x00001c2c       0x4c _build/servo.o
                0x00001c2c                servo_init
 .text.TEMP_IRQHandler
                0x00001c78       0x30 _build/temperature.o
                0x00001c78                TEMP_IRQHandler
 .text.nrf_gpio_pin_port_decode
                0x00001ca8       0x30 _build/better_error_handling.o
 .text.nrf_gpio_pin_clear
                0x00001cd8       0x1a _build/better_error_handling.o
 .text.nrf_gpio_pin_set
                0x00001cf2       0x1a _build/better_error_handling.o
 .text.nrf_delay_ms.part.0
                0x00001d0c       0x1c _build/better_error_handling.o
 .text.error_blink_pattern
                0x00001d28      0x104 _build/better_error_handling.o
 .text.app_error_fault_handler
                0x00001e2c       0x70 _build/better_error_handling.o
                0x00001e2c                app_error_fault_handler
 .text.HardFault_c_handler
                0x00001e9c       0xec _build/better_error_handling.o
                0x00001e9c                HardFault_c_handler
 .text._close   0x00001f88        0x2 _build/clib_stubs.o
                0x00001f88                _close
 .text._fstat   0x00001f8a        0x2 _build/clib_stubs.o
                0x00001f8a                _fstat
 .text._getpid  0x00001f8c        0x2 _build/clib_stubs.o
                0x00001f8c                _getpid
 .text._isatty  0x00001f8e        0x2 _build/clib_stubs.o
                0x00001f8e                _isatty
 .text._kill    0x00001f90        0x2 _build/clib_stubs.o
                0x00001f90                _kill
 .text._lseek   0x00001f92        0x2 _build/clib_stubs.o
                0x00001f92                _lseek
 .text.startup.called_first
                0x00001f94       0x48 _build/microbit_before_startup.o
                0x00001f94                called_first
 .text.nrf_log_backend_uart_flush
                0x00001fdc        0x2 _build/microbit_nrf_log_backend_uart.o
 *fill*         0x00001fde        0x2 
 .text.nrf_log_backend_uart_put
                0x00001fe0       0x1c _build/microbit_nrf_log_backend_uart.o
 .text.uart_init.constprop.0
                0x00001ffc       0x54 _build/microbit_nrf_log_backend_uart.o
 .text.serial_tx
                0x00002050       0x50 _build/microbit_nrf_log_backend_uart.o
 .text.nrf_log_backend_uart_panic_set
                0x000020a0       0x2c _build/microbit_nrf_log_backend_uart.o
 .text.nrf_log_backend_uart_init
                0x000020cc        0x4 _build/microbit_nrf_log_backend_uart.o
                0x000020cc                nrf_log_backend_uart_init
 .text._write   0x000020d0       0x2c _build/microbit_retarget.o
                0x000020d0                _write
 .text._read    0x000020fc       0x30 _build/microbit_retarget.o
                0x000020fc                _read
 .text.app_error_handler
                0x0000212c       0x1a _build/app_error_handler_gcc.o
                0x0000212c                app_error_handler
 *fill*         0x00002146        0x2 
 .text.nrfx_coredep_delay_us.part.0.constprop.0
                0x00002148       0x10 _build/app_timer.o
 .text.RTC1_IRQHandler
                0x00002158       0x9c _build/app_timer.o
                0x00002158                RTC1_IRQHandler
 .text.SWI0_EGU0_IRQHandler
                0x000021f4      0x2b0 _build/app_timer.o
                0x000021f4                SWI0_EGU0_IRQHandler
 .text.app_util_disable_irq
                0x000024a4       0x10 _build/app_util_platform.o
                0x000024a4                app_util_disable_irq
 .text.app_util_enable_irq
                0x000024b4       0x14 _build/app_util_platform.o
                0x000024b4                app_util_enable_irq
 .text.privilege_level_get
                0x000024c8       0x1a _build/app_util_platform.o
                0x000024c8                privilege_level_get
 *fill*         0x000024e2        0x2 
 .text.app_util_critical_region_enter
                0x000024e4       0x20 _build/app_util_platform.o
                0x000024e4                app_util_critical_region_enter
 .text.app_util_critical_region_exit
                0x00002504       0x20 _build/app_util_platform.o
                0x00002504                app_util_critical_region_exit
 .text.HardFault_Handler
                0x00002524       0x34 _build/hardfault_handler_gcc.o
                0x00002524                HardFault_Handler
 .text.assert_nrf_callback
                0x00002558       0x1a _build/nrf_assert.o
                0x00002558                assert_nrf_callback
 .text.nrf_atomic_u32_fetch_store
                0x00002572       0x16 _build/nrf_atomic.o
                0x00002572                nrf_atomic_u32_fetch_store
 .text.nrf_atomic_u32_or
                0x00002588       0x18 _build/nrf_atomic.o
                0x00002588                nrf_atomic_u32_or
 .text.nrf_atomic_u32_fetch_and
                0x000025a0       0x18 _build/nrf_atomic.o
                0x000025a0                nrf_atomic_u32_fetch_and
 .text.nrf_atomic_u32_add
                0x000025b8       0x18 _build/nrf_atomic.o
                0x000025b8                nrf_atomic_u32_add
 .text.nrf_atomic_u32_sub
                0x000025d0       0x18 _build/nrf_atomic.o
                0x000025d0                nrf_atomic_u32_sub
 .text.nrf_atomic_flag_set
                0x000025e8        0x6 _build/nrf_atomic.o
                0x000025e8                nrf_atomic_flag_set
 .text.nrf_atomic_flag_clear_fetch
                0x000025ee        0x6 _build/nrf_atomic.o
                0x000025ee                nrf_atomic_flag_clear_fetch
 .text.nrf_balloc_init
                0x000025f4       0x7c _build/nrf_balloc.o
                0x000025f4                nrf_balloc_init
 .text.nrf_balloc_alloc
                0x00002670       0x54 _build/nrf_balloc.o
                0x00002670                nrf_balloc_alloc
 .text.nrf_balloc_free
                0x000026c4       0x48 _build/nrf_balloc.o
                0x000026c4                nrf_balloc_free
 .text.clock_clk_started_notify
                0x0000270c       0x24 _build/nrf_drv_clock.o
 .text.clock_irq_handler
                0x00002730       0x1c _build/nrf_drv_clock.o
 .text.nrf_drv_clock_init
                0x0000274c       0x30 _build/nrf_drv_clock.o
                0x0000274c                nrf_drv_clock_init
 .text.nrf_drv_clock_lfclk_request
                0x0000277c       0x74 _build/nrf_drv_clock.o
                0x0000277c                nrf_drv_clock_lfclk_request
 .text.twim_evt_handler
                0x000027f0       0x40 _build/nrf_drv_twi.o
 .text.nrf_gpio_pin_port_decode
                0x00002830       0x30 _build/nrf_drv_twi.o
 .text.nrf_gpio_pin_set
                0x00002860       0x1a _build/nrf_drv_twi.o
 *fill*         0x0000287a        0x2 
 .text.nrfx_coredep_delay_us.part.0.constprop.0
                0x0000287c       0x10 _build/nrf_drv_twi.o
 .text.nrf_drv_twi_init
                0x0000288c       0xec _build/nrf_drv_twi.o
                0x0000288c                nrf_drv_twi_init
 .text.uarte_evt_handler
                0x00002978       0x34 _build/nrf_drv_uart.o
 .text.uart_evt_handler
                0x000029ac       0x34 _build/nrf_drv_uart.o
 .text.nrf_drv_uart_init
                0x000029e0       0x7c _build/nrf_drv_uart.o
                0x000029e0                nrf_drv_uart_init
 .text.nrf_fprintf_buffer_flush
                0x00002a5c       0x24 _build/nrf_fprintf.o
                0x00002a5c                nrf_fprintf_buffer_flush
 .text.nrf_fprintf
                0x00002a80       0x54 _build/nrf_fprintf.o
                0x00002a80                nrf_fprintf
 .text.buffer_add
                0x00002ad4       0x1e _build/nrf_fprintf_format.o
 *fill*         0x00002af2        0x2 
 .text.unsigned_print
                0x00002af4       0xb4 _build/nrf_fprintf_format.o
 .text.nrf_fprintf_fmt
                0x00002ba8      0x2f8 _build/nrf_fprintf_format.o
                0x00002ba8                nrf_fprintf_fmt
 .text.nrf_log_backend_serial_put
                0x00002ea0       0xc2 _build/nrf_log_backend_serial.o
                0x00002ea0                nrf_log_backend_serial_put
 *fill*         0x00002f62        0x2 
 .text.nrf_log_default_backends_init
                0x00002f64       0x30 _build/nrf_log_default_backends.o
                0x00002f64                nrf_log_default_backends_init
 .text.invalid_packets_omit
                0x00002f94       0x38 _build/nrf_log_frontend.o
 .text.buf_prealloc
                0x00002fcc      0x140 _build/nrf_log_frontend.o
 .text.nrf_log_init
                0x0000310c       0x3c _build/nrf_log_frontend.o
                0x0000310c                nrf_log_init
 .text.nrf_log_module_name_get
                0x00003148       0x38 _build/nrf_log_frontend.o
                0x00003148                nrf_log_module_name_get
 .text.nrf_log_color_id_get
                0x00003180       0x2c _build/nrf_log_frontend.o
                0x00003180                nrf_log_color_id_get
 .text.buffer_is_empty
                0x000031ac       0x14 _build/nrf_log_frontend.o
                0x000031ac                buffer_is_empty
 .text.nrf_log_frontend_dequeue
                0x000031c0      0x220 _build/nrf_log_frontend.o
                0x000031c0                nrf_log_frontend_dequeue
 .text.std_n    0x000033e0       0xb8 _build/nrf_log_frontend.o
 .text.nrf_log_frontend_std_0
                0x00003498        0x8 _build/nrf_log_frontend.o
                0x00003498                nrf_log_frontend_std_0
 .text.nrf_log_frontend_std_1
                0x000034a0       0x12 _build/nrf_log_frontend.o
                0x000034a0                nrf_log_frontend_std_1
 .text.nrf_log_frontend_std_3
                0x000034b2       0x18 _build/nrf_log_frontend.o
                0x000034b2                nrf_log_frontend_std_3
 .text.nrf_log_frontend_std_4
                0x000034ca       0x1c _build/nrf_log_frontend.o
                0x000034ca                nrf_log_frontend_std_4
 *fill*         0x000034e6        0x2 
 .text.nrf_log_backend_add
                0x000034e8       0x54 _build/nrf_log_frontend.o
                0x000034e8                nrf_log_backend_add
 .text.nrf_log_panic
                0x0000353c       0x28 _build/nrf_log_frontend.o
                0x0000353c                nrf_log_panic
 .text.postfix_process
                0x00003564       0x3c _build/nrf_log_str_formatter.o
 .text.prefix_process.constprop.0
                0x000035a0       0x78 _build/nrf_log_str_formatter.o
 .text.nrf_log_std_entry_process
                0x00003618       0xc8 _build/nrf_log_str_formatter.o
                0x00003618                nrf_log_std_entry_process
 .text.nrf_log_hexdump_entry_process
                0x000036e0       0xbc _build/nrf_log_str_formatter.o
                0x000036e0                nrf_log_hexdump_entry_process
 .text.memobj_op
                0x0000379c       0xa8 _build/nrf_memobj.o
 .text.nrf_memobj_pool_init
                0x00003844        0x4 _build/nrf_memobj.o
                0x00003844                nrf_memobj_pool_init
 .text.nrf_memobj_free
                0x00003848       0x2c _build/nrf_memobj.o
                0x00003848                nrf_memobj_free
 .text.nrf_memobj_alloc
                0x00003874       0x58 _build/nrf_memobj.o
                0x00003874                nrf_memobj_alloc
 .text.nrf_memobj_get
                0x000038cc        0x8 _build/nrf_memobj.o
                0x000038cc                nrf_memobj_get
 .text.nrf_memobj_put
                0x000038d4       0x1c _build/nrf_memobj.o
                0x000038d4                nrf_memobj_put
 .text.nrf_memobj_write
                0x000038f0       0x2c _build/nrf_memobj.o
                0x000038f0                nrf_memobj_write
 .text.nrf_memobj_read
                0x0000391c       0x30 _build/nrf_memobj.o
                0x0000391c                nrf_memobj_read
 .text.queue_utilization_get
                0x0000394c       0x18 _build/nrf_queue.o
 .text.nrf_queue_next_idx
                0x00003964       0x20 _build/nrf_queue.o
 .text.nrf_queue_is_full
                0x00003984       0x28 _build/nrf_queue.o
                0x00003984                nrf_queue_is_full
 .text.nrf_queue_push
                0x000039ac       0xc4 _build/nrf_queue.o
                0x000039ac                nrf_queue_push
 .text.nrf_queue_is_empty
                0x00003a70       0x24 _build/nrf_queue.o
                0x00003a70                nrf_queue_is_empty
 .text.nrf_queue_generic_pop
                0x00003a94       0x9c _build/nrf_queue.o
                0x00003a94                nrf_queue_generic_pop
 .text.nrf_ringbuf_init
                0x00003b30       0x1c _build/nrf_ringbuf.o
                0x00003b30                nrf_ringbuf_init
 .text.nrf_strerror_find
                0x00003b4c       0x34 _build/nrf_strerror.o
                0x00003b4c                nrf_strerror_find
 .text.nrf_strerror_get
                0x00003b80       0x14 _build/nrf_strerror.o
                0x00003b80                nrf_strerror_get
 .text.internal_transaction_cb
                0x00003b94        0xa _build/nrf_twi_mngr.o
 *fill*         0x00003b9e        0x2 
 .text.transaction_end_signal
                0x00003ba0       0x30 _build/nrf_twi_mngr.o
 .text.start_transfer
                0x00003bd0       0xc4 _build/nrf_twi_mngr.o
 .text.start_pending_transaction
                0x00003c94       0xb0 _build/nrf_twi_mngr.o
 .text.twi_event_handler
                0x00003d44       0x58 _build/nrf_twi_mngr.o
 .text.nrf_twi_mngr_init
                0x00003d9c       0x78 _build/nrf_twi_mngr.o
                0x00003d9c                nrf_twi_mngr_init
 .text.nrf_twi_mngr_schedule
                0x00003e14       0x60 _build/nrf_twi_mngr.o
                0x00003e14                nrf_twi_mngr_schedule
 .text.nrf_twi_mngr_perform
                0x00003e74       0x84 _build/nrf_twi_mngr.o
                0x00003e74                nrf_twi_mngr_perform
 .text.nrfx_clock_init
                0x00003ef8       0x28 _build/nrfx_clock.o
                0x00003ef8                nrfx_clock_init
 .text.nrfx_clock_enable
                0x00003f20       0x3c _build/nrfx_clock.o
                0x00003f20                nrfx_clock_enable
 .text.nrfx_clock_lfclk_start
                0x00003f5c       0x3c _build/nrfx_clock.o
                0x00003f5c                nrfx_clock_lfclk_start
 .text.POWER_CLOCK_IRQHandler
                0x00003f98       0x5c _build/nrfx_clock.o
                0x00003f98                POWER_CLOCK_IRQHandler
 .text.nrf_gpiote_event_clear
                0x00003ff4       0x18 _build/nrfx_gpiote.o
 .text.nrf_bitmask_bit_set
                0x0000400c       0x12 _build/nrfx_gpiote.o
 *fill*         0x0000401e        0x2 
 .text.channel_free
                0x00004020       0x1c _build/nrfx_gpiote.o
 .text.nrf_gpio_pin_port_decode
                0x0000403c       0x30 _build/nrfx_gpiote.o
 .text.nrf_gpio_cfg_sense_set
                0x0000406c       0x2e _build/nrfx_gpiote.o
 *fill*         0x0000409a        0x2 
 .text.nrf_gpio_ports_read.constprop.0
                0x0000409c       0x18 _build/nrfx_gpiote.o
 .text.nrfx_gpiote_init
                0x000040b4       0x70 _build/nrfx_gpiote.o
                0x000040b4                nrfx_gpiote_init
 .text.nrfx_gpiote_is_init
                0x00004124       0x14 _build/nrfx_gpiote.o
                0x00004124                nrfx_gpiote_is_init
 .text.nrfx_gpiote_in_init
                0x00004138      0x114 _build/nrfx_gpiote.o
                0x00004138                nrfx_gpiote_in_init
 .text.nrfx_gpiote_in_event_enable
                0x0000424c       0xbc _build/nrfx_gpiote.o
                0x0000424c                nrfx_gpiote_in_event_enable
 .text.GPIOTE_IRQHandler
                0x00004308      0x19c _build/nrfx_gpiote.o
                0x00004308                GPIOTE_IRQHandler
 .text.UARTE0_UART0_IRQHandler
                0x000044a4       0x20 _build/nrfx_prs.o
                0x000044a4                UARTE0_UART0_IRQHandler
 .text.nrfx_prs_acquire
                0x000044c4       0x44 _build/nrfx_prs.o
                0x000044c4                nrfx_prs_acquire
 .text.nrfx_prs_release
                0x00004508       0x28 _build/nrfx_prs.o
                0x00004508                nrfx_prs_release
 .text.nrf_pwm_event_clear
                0x00004530       0x10 _build/nrfx_pwm.o
 .text.start_playback
                0x00004540       0x4c _build/nrfx_pwm.o
 .text.irq_handler
                0x0000458c       0x80 _build/nrfx_pwm.o
 .text.nrf_gpio_pin_port_decode
                0x0000460c       0x30 _build/nrfx_pwm.o
 .text.nrf_pwm_sequence_set
                0x0000463c       0x88 _build/nrfx_pwm.o
 .text.nrfx_pwm_init
                0x000046c4      0x1b0 _build/nrfx_pwm.o
                0x000046c4                nrfx_pwm_init
 .text.nrfx_pwm_simple_playback
                0x00004874       0xa4 _build/nrfx_pwm.o
                0x00004874                nrfx_pwm_simple_playback
 .text.PWM0_IRQHandler
                0x00004918       0x10 _build/nrfx_pwm.o
                0x00004918                PWM0_IRQHandler
 .text.PWM1_IRQHandler
                0x00004928       0x10 _build/nrfx_pwm.o
                0x00004928                PWM1_IRQHandler
 .text.nrf_saadc_event_clear
                0x00004938       0x18 _build/nrfx_saadc.o
 .text.SAADC_IRQHandler
                0x00004950      0x15c _build/nrfx_saadc.o
                0x00004950                SAADC_IRQHandler
 .text.nrf_gpio_pin_port_decode
                0x00004aac       0x30 _build/nrfx_spim.o
 .text.nrf_gpio_pin_clear
                0x00004adc       0x1a _build/nrfx_spim.o
 .text.nrf_gpio_pin_set
                0x00004af6       0x1a _build/nrfx_spim.o
 .text.SPIM2_SPIS2_SPI2_IRQHandler
                0x00004b10       0x64 _build/nrfx_spim.o
                0x00004b10                SPIM2_SPIS2_SPI2_IRQHandler
 .text.irq_handler.constprop.0
                0x00004b74       0x4c _build/nrfx_timer.o
 .text.TIMER0_IRQHandler
                0x00004bc0       0x10 _build/nrfx_timer.o
                0x00004bc0                TIMER0_IRQHandler
 .text.TIMER1_IRQHandler
                0x00004bd0       0x10 _build/nrfx_timer.o
                0x00004bd0                TIMER1_IRQHandler
 .text.nrf_twim_event_clear
                0x00004be0       0x10 _build/nrfx_twim.o
 .text.xfer_completeness_check
                0x00004bf0       0x6c _build/nrfx_twim.o
 .text.nrf_gpio_pin_port_decode
                0x00004c5c       0x30 _build/nrfx_twim.o
 .text.twim_irq_handler
                0x00004c8c      0x138 _build/nrfx_twim.o
 .text.SPIM0_SPIS0_TWIM0_TWIS0_SPI0_TWI0_IRQHandler
                0x00004dc4       0x10 _build/nrfx_twim.o
                0x00004dc4                SPIM0_SPIS0_TWIM0_TWIS0_SPI0_TWI0_IRQHandler
 .text.SPIM1_SPIS1_TWIM1_TWIS1_SPI1_TWI1_IRQHandler
                0x00004dd4       0x10 _build/nrfx_twim.o
                0x00004dd4                SPIM1_SPIS1_TWIM1_TWIS1_SPI1_TWI1_IRQHandler
 .text.nrfx_twim_init
                0x00004de4      0x138 _build/nrfx_twim.o
                0x00004de4                nrfx_twim_init
 .text.nrfx_twim_enable
                0x00004f1c       0x40 _build/nrfx_twim.o
                0x00004f1c                nrfx_twim_enable
 .text.nrfx_twim_disable
                0x00004f5c       0x54 _build/nrfx_twim.o
                0x00004f5c                nrfx_twim_disable
 .text.nrfx_twim_uninit
                0x00004fb0       0xb4 _build/nrfx_twim.o
                0x00004fb0                nrfx_twim_uninit
 .text.nrfx_twim_xfer
                0x00005064      0x320 _build/nrfx_twim.o
                0x00005064                nrfx_twim_xfer
 .text.nrf_uart_event_clear
                0x00005384       0x10 _build/nrfx_uart.o
 .text.tx_byte  0x00005394       0x1e _build/nrfx_uart.o
 .text.rx_enable
                0x000053b2       0x20 _build/nrfx_uart.o
 *fill*         0x000053d2        0x2 
 .text.nrf_gpio_pin_port_decode
                0x000053d4       0x30 _build/nrfx_uart.o
 .text.nrf_gpio_cfg_default
                0x00005404       0x1c _build/nrfx_uart.o
 .text.rx_byte  0x00005420       0x2c _build/nrfx_uart.o
 .text.rx_done_event.constprop.0
                0x0000544c       0x20 _build/nrfx_uart.o
 .text.nrfx_uart_0_irq_handler
                0x0000546c      0x144 _build/nrfx_uart.o
                0x0000546c                nrfx_uart_0_irq_handler
 .text.nrfx_uart_init
                0x000055b0      0x1d8 _build/nrfx_uart.o
                0x000055b0                nrfx_uart_init
 .text.nrfx_uart_uninit
                0x00005788       0xc0 _build/nrfx_uart.o
                0x00005788                nrfx_uart_uninit
 .text.nrfx_uart_tx_in_progress
                0x00005848       0x18 _build/nrfx_uart.o
                0x00005848                nrfx_uart_tx_in_progress
 .text.nrfx_uart_tx
                0x00005860       0xe0 _build/nrfx_uart.o
                0x00005860                nrfx_uart_tx
 .text.nrfx_uart_rx
                0x00005940      0x128 _build/nrfx_uart.o
                0x00005940                nrfx_uart_rx
 .text.nrf_uarte_event_clear
                0x00005a68       0x10 _build/nrfx_uarte.o
 .text.rx_done_event
                0x00005a78       0x1a _build/nrfx_uarte.o
 *fill*         0x00005a92        0x2 
 .text.nrf_gpio_pin_port_decode
                0x00005a94       0x30 _build/nrfx_uarte.o
 .text.nrf_gpio_cfg_default
                0x00005ac4       0x1c _build/nrfx_uarte.o
 .text.uarte_irq_handler
                0x00005ae0      0x10a _build/nrfx_uarte.o
 *fill*         0x00005bea        0x2 
 .text.nrfx_uarte_0_irq_handler
                0x00005bec       0x10 _build/nrfx_uarte.o
                0x00005bec                nrfx_uarte_0_irq_handler
 .text.UARTE1_IRQHandler
                0x00005bfc       0x10 _build/nrfx_uarte.o
                0x00005bfc                UARTE1_IRQHandler
 .text.nrfx_uarte_init
                0x00005c0c      0x1f4 _build/nrfx_uarte.o
                0x00005c0c                nrfx_uarte_init
 .text.nrfx_uarte_uninit
                0x00005e00       0xec _build/nrfx_uarte.o
                0x00005e00                nrfx_uarte_uninit
 .text.nrfx_uarte_tx_in_progress
                0x00005eec       0x18 _build/nrfx_uarte.o
                0x00005eec                nrfx_uarte_tx_in_progress
 .text.nrfx_uarte_tx
                0x00005f04       0xf4 _build/nrfx_uarte.o
                0x00005f04                nrfx_uarte_tx
 .text.nrfx_uarte_rx
                0x00005ff8      0x13c _build/nrfx_uarte.o
                0x00005ff8                nrfx_uarte_rx
 .text.__NVIC_SystemReset
                0x00006134       0x24 _build/system_nrf52833.o
 .text.errata_36
                0x00006158       0x1a _build/system_nrf52833.o
 *fill*         0x00006172        0x2 
 .text.SystemInit
                0x00006174      0x19c _build/system_nrf52833.o
                0x00006174                SystemInit
 .text          0x00006310       0x3c _build/gcc_startup_nrf52833.os
                0x00006310                Reset_Handler
                0x00006338                NMI_Handler
                0x0000633c                MemoryManagement_Handler
                0x0000633e                BusFault_Handler
                0x00006340                UsageFault_Handler
                0x00006342                SVC_Handler
                0x00006344                DebugMon_Handler
                0x00006346                PendSV_Handler
                0x00006348                SysTick_Handler
                0x0000634a                TIMER2_IRQHandler
                0x0000634a                RTC0_IRQHandler
                0x0000634a                SWI2_EGU2_IRQHandler
                0x0000634a                RADIO_IRQHandler
                0x0000634a                PDM_IRQHandler
                0x0000634a                QDEC_IRQHandler
                0x0000634a                TIMER3_IRQHandler
                0x0000634a                PWM3_IRQHandler
                0x0000634a                FPU_IRQHandler
                0x0000634a                USBD_IRQHandler
                0x0000634a                TIMER4_IRQHandler
                0x0000634a                I2S_IRQHandler
                0x0000634a                SWI4_EGU4_IRQHandler
                0x0000634a                SPIM3_IRQHandler
                0x0000634a                PWM2_IRQHandler
                0x0000634a                ECB_IRQHandler
                0x0000634a                Default_Handler
                0x0000634a                CCM_AAR_IRQHandler
                0x0000634a                WDT_IRQHandler
                0x0000634a                SWI5_EGU5_IRQHandler
                0x0000634a                RNG_IRQHandler
                0x0000634a                RTC2_IRQHandler
                0x0000634a                SWI3_EGU3_IRQHandler
                0x0000634a                SWI1_EGU1_IRQHandler
                0x0000634a                NFCT_IRQHandler
                0x0000634a                MWU_IRQHandler
                0x0000634a                COMP_LPCOMP_IRQHandler
 *fill*         0x0000634c       0x34 
 .text          0x00006380       0xd8 /usr/lib/gcc/arm-none-eabi/13.2.1/../../../arm-none-eabi/lib/thumb/v7e-m+fp/hard/libc.a(libc_a-strlen.o)
                0x00006380                strlen
 .text          0x00006458       0xa4 /usr/lib/gcc/arm-none-eabi/13.2.1/../../../arm-none-eabi/lib/thumb/v7e-m+fp/hard/libc.a(libc_a-memset.o)
                0x00006458                memset
 .text          0x000064fc       0x10 /usr/lib/gcc/arm-none-eabi/13.2.1/../../../arm-none-eabi/lib/thumb/v7e-m+fp/hard/libc.a(libc_a-setbuf.o)
                0x000064fc                setbuf
 .text          0x0000650c       0x5c /usr/lib/gcc/arm-none-eabi/13.2.1/../../../arm-none-eabi/lib/thumb/v7e-m+fp/hard/libc.a(libc_a-memcmp.o)
                0x0000650c                memcmp
 .text          0x00006568      0x114 /usr/lib/gcc/arm-none-eabi/13.2.1/../../../arm-none-eabi/lib/thumb/v7e-m+fp/hard/libc.a(libc_a-snprintf.o)
                0x00006568                _snprintf_r
                0x000065ec                snprintf
 .text          0x0000667c      0x134 /usr/lib/gcc/arm-none-eabi/13.2.1/../../../arm-none-eabi/lib/thumb/v7e-m+fp/hard/libc.a(libc_a-memcpy.o)
                0x0000667c                memcpy
 .text          0x000067b0       0x50 /usr/lib/gcc/arm-none-eabi/13.2.1/../../../arm-none-eabi/lib/thumb/v7e-m+fp/hard/libc.a(libc_a-init.o)
                0x000067b0                __libc_init_array
 .text          0x00006800      0x224 /usr/lib/gcc/arm-none-eabi/13.2.1/../../../arm-none-eabi/lib/thumb/v7e-m+fp/hard/libc.a(libc_a-findfp.o)
                0x00006930                __sfp
                0x000069d4                __sinit
                0x000069f4                __sfp_lock_acquire
                0x000069f8                __sfp_lock_release
                0x000069fc                __fp_lock_all
                0x00006a10                __fp_unlock_all
 .text          0x00006a24       0x1c /usr/lib/gcc/arm-none-eabi/13.2.1/../../../arm-none-eabi/lib/thumb/v7e-m+fp/hard/libc.a(libc_a-exit.o)
                0x00006a24                exit
 .text          0x00006a40        0xc /usr/lib/gcc/arm-none-eabi/13.2.1/../../../arm-none-eabi/lib/thumb/v7e-m+fp/hard/libc.a(libc_a-atexit.o)
                0x00006a40                atexit
 .text          0x00006a4c       0x80 /usr/lib/gcc/arm-none-eabi/13.2.1/../../../arm-none-eabi/lib/thumb/v7e-m+fp/hard/libc.a(libc_a-sprintf.o)
                0x00006a4c                _sprintf_r
                0x00006a88                sprintf
 .text          0x00006acc       0x48 /usr/lib/gcc/arm-none-eabi/13.2.1/../../../arm-none-eabi/lib/thumb/v7e-m+fp/hard/libc.a(libc_a-printf.o)
                0x00006acc                _printf_r
                0x00006aec                printf
 .text          0x00006b14       0xbc /usr/lib/gcc/arm-none-eabi/13.2.1/../../../arm-none-eabi/lib/thumb/v7e-m+fp/hard/libc.a(libc_a-strcpy.o)
                0x00006b14                strcpy
 .text          0x00006bd0       0x28 /usr/lib/gcc/arm-none-eabi/13.2.1/../../../arm-none-eabi/lib/thumb/v7e-m+fp/hard/libc.a(libc_a-fini.o)
                0x00006bd0                __libc_fini_array
 .text          0x00006bf8       0x44 /usr/lib/gcc/arm-none-eabi/13.2.1/../../../arm-none-eabi/lib/thumb/v7e-m+fp/hard/libc.a(libc_a-fwalk.o)
                0x00006bf8                _fwalk_sglue
 *fill*         0x00006c3c        0x4 
 .text          0x00006c40     0x14ac /usr/lib/gcc/arm-none-eabi/13.2.1/../../../arm-none-eabi/lib/thumb/v7e-m+fp/hard/libc.a(libc_a-vfprintf.o)
                0x00006c40                _vfprintf_r
                0x00008064                vfprintf
 *fill*         0x000080ec        0x4 
 .text          0x000080f0       0xa0 /usr/lib/gcc/arm-none-eabi/13.2.1/../../../arm-none-eabi/lib/thumb/v7e-m+fp/hard/libc.a(libc_a-memchr.o)
                0x000080f0                memchr
 .text          0x00008190     0x13c0 /usr/lib/gcc/arm-none-eabi/13.2.1/../../../arm-none-eabi/lib/thumb/v7e-m+fp/hard/libc.a(libc_a-svfprintf.o)
                0x00008190                _svfprintf_r
 .text          0x00009550      0x1ac /usr/lib/gcc/arm-none-eabi/13.2.1/../../../arm-none-eabi/lib/thumb/v7e-m+fp/hard/libc.a(libc_a-fflush.o)
                0x00009550                __sflush_r
                0x00009688                _fflush_r
                0x000096b4                fflush
 .text          0x000096fc      0x164 /usr/lib/gcc/arm-none-eabi/13.2.1/../../../arm-none-eabi/lib/thumb/v7e-m+fp/hard/libc.a(libc_a-setvbuf.o)
                0x000096fc                setvbuf
 .text          0x00009860      0x554 /usr/lib/gcc/arm-none-eabi/13.2.1/../../../arm-none-eabi/lib/thumb/v7e-m+fp/hard/libc.a(libc_a-mallocr.o)
                0x00009860                _malloc_r
 *fill*         0x00009db4        0x4 
 .text          0x00009db8      0xfb0 /usr/lib/gcc/arm-none-eabi/13.2.1/../../../arm-none-eabi/lib/thumb/v7e-m+fp/hard/libc.a(libc_a-dtoa.o)
                0x00009ee4                _dtoa_r
 .text          0x0000ad68       0xc4 /usr/lib/gcc/arm-none-eabi/13.2.1/../../../arm-none-eabi/lib/thumb/v7e-m+fp/hard/libc.a(libc_a-wsetup.o)
                0x0000ad68                __swsetup_r
 .text          0x0000ae2c      0x2b0 /usr/lib/gcc/arm-none-eabi/13.2.1/../../../arm-none-eabi/lib/thumb/v7e-m+fp/hard/libc.a(libc_a-freer.o)
                0x0000ae2c                _malloc_trim_r
                0x0000aee4                _free_r
 .text          0x0000b0dc       0x90 /usr/lib/gcc/arm-none-eabi/13.2.1/../../../arm-none-eabi/lib/thumb/v7e-m+fp/hard/libc.a(libc_a-fclose.o)
                0x0000b0dc                _fclose_r
                0x0000b15c                fclose
 .text          0x0000b16c       0xb0 /usr/lib/gcc/arm-none-eabi/13.2.1/../../../arm-none-eabi/lib/thumb/v7e-m+fp/hard/libc.a(libc_a-__call_atexit.o)
                0x0000b16c                __call_exitprocs
 .text.startup  0x0000b21c       0x14 /usr/lib/gcc/arm-none-eabi/13.2.1/../../../arm-none-eabi/lib/thumb/v7e-m+fp/hard/libc.a(libc_a-__call_atexit.o)
 .text          0x0000b230       0x20 /usr/lib/gcc/arm-none-eabi/13.2.1/../../../arm-none-eabi/lib/thumb/v7e-m+fp/hard/libc.a(libc_a-malloc.o)
                0x0000b230                malloc
                0x0000b240                free
 .text          0x0000b250       0x1c /usr/lib/gcc/arm-none-eabi/13.2.1/../../../arm-none-eabi/lib/thumb/v7e-m+fp/hard/libc.a(libc_a-sysconf.o)
                0x0000b250                sysconf
 .text          0x0000b26c       0x94 /usr/lib/gcc/arm-none-eabi/13.2.1/../../../arm-none-eabi/lib/thumb/v7e-m+fp/hard/libc.a(libc_a-stdio.o)
                0x0000b26c                __sread
                0x0000b290                __seofread
                0x0000b294                __swrite
                0x0000b2d4                __sseek
                0x0000b2f8                __sclose
 .text          0x0000b300       0x64 /usr/lib/gcc/arm-none-eabi/13.2.1/../../../arm-none-eabi/lib/thumb/v7e-m+fp/hard/libc.a(libc_a-__atexit.o)
                0x0000b300                __register_exitproc
 .text          0x0000b364       0x2c /usr/lib/gcc/arm-none-eabi/13.2.1/../../../arm-none-eabi/lib/thumb/v7e-m+fp/hard/libc.a(libc_a-writer.o)
                0x0000b364                _write_r
 .text          0x0000b390        0x8 /usr/lib/gcc/arm-none-eabi/13.2.1/../../../arm-none-eabi/lib/thumb/v7e-m+fp/hard/libc.a(libc_a-mlock.o)
                0x0000b390                __malloc_lock
                0x0000b394                __malloc_unlock
 .text          0x0000b398       0x58 /usr/lib/gcc/arm-none-eabi/13.2.1/../../../arm-none-eabi/lib/thumb/v7e-m+fp/hard/libc.a(libc_a-ssprint_r.o)
                0x0000b398                __ssprint_r
 .text          0x0000b3f0       0x24 /usr/lib/gcc/arm-none-eabi/13.2.1/../../../arm-none-eabi/lib/thumb/v7e-m+fp/hard/libc.a(libc_a-sbrkr.o)
                0x0000b3f0                _sbrk_r
 .text          0x0000b414       0x24 /usr/lib/gcc/arm-none-eabi/13.2.1/../../../arm-none-eabi/lib/thumb/v7e-m+fp/hard/libc.a(libc_a-closer.o)
                0x0000b414                _close_r
 .text          0x0000b438       0x20 /usr/lib/gcc/arm-none-eabi/13.2.1/../../../arm-none-eabi/lib/thumb/v7e-m+fp/hard/libc.a(libc_a-sprint_r.o)
                0x0000b438                __sprint_r
 .text          0x0000b458       0x4c /usr/lib/gcc/arm-none-eabi/13.2.1/../../../arm-none-eabi/lib/thumb/v7e-m+fp/hard/libc.a(libc_a-assert.o)
                0x0000b458                __assert_func
                0x0000b498                __assert
 .text          0x0000b4a4      0xab8 /usr/lib/gcc/arm-none-eabi/13.2.1/../../../arm-none-eabi/lib/thumb/v7e-m+fp/hard/libc.a(libc_a-mprec.o)
                0x0000b4a4                _Balloc
                0x0000b4f0                _Bfree
                0x0000b504                __multadd
                0x0000b5a4                __s2b
                0x0000b658                __hi0bits
                0x0000b69c                __lo0bits
                0x0000b6fc                __i2b
                0x0000b758                __multiply
                0x0000b8c4                __pow5mult
                0x0000b978                __lshift
                0x0000ba68                __mcmp
                0x0000baac                __mdiff
                0x0000bc24                __ulp
                0x0000bc88                __b2d
                0x0000bd44                __d2b
                0x0000be04                __ratio
                0x0000be64                _mprec_log10
                0x0000bea4                __copybits
                0x0000bf00                __any_on
 .text          0x0000bf5c       0x14 /usr/lib/gcc/arm-none-eabi/13.2.1/../../../arm-none-eabi/lib/thumb/v7e-m+fp/hard/libc.a(libc_a-localeconv.o)
                0x0000bf5c                __localeconv_l
                0x0000bf60                _localeconv_r
                0x0000bf68                localeconv
 .text          0x0000bf70      0x13c /usr/lib/gcc/arm-none-eabi/13.2.1/../../../arm-none-eabi/lib/thumb/v7e-m+fp/hard/libc.a(libc_a-makebuf.o)
                0x0000bf70                __smakebuf_r
                0x0000c04c                __swhatbuf_r
 .text          0x0000c0ac       0x40 /usr/lib/gcc/arm-none-eabi/13.2.1/../../../arm-none-eabi/lib/thumb/v7e-m+fp/hard/libc.a(libc_a-mbtowc_r.o)
                0x0000c0ac                _mbtowc_r
                0x0000c0c0                __ascii_mbtowc
 .text          0x0000c0ec        0xc /usr/lib/gcc/arm-none-eabi/13.2.1/../../../arm-none-eabi/lib/thumb/v7e-m+fp/hard/libc.a(libc_a-errno.o)
                0x0000c0ec                __errno
 .text          0x0000c0f8       0x10 /usr/lib/gcc/arm-none-eabi/13.2.1/../../../arm-none-eabi/lib/thumb/v7e-m+fp/hard/libc.a(libc_a-abort.o)
                0x0000c0f8                abort
 .text          0x0000c108       0x6c /usr/lib/gcc/arm-none-eabi/13.2.1/../../../arm-none-eabi/lib/thumb/v7e-m+fp/hard/libc.a(libc_a-callocr.o)
                0x0000c108                _calloc_r
 .text          0x0000c174       0xc0 /usr/lib/gcc/arm-none-eabi/13.2.1/../../../arm-none-eabi/lib/thumb/v7e-m+fp/hard/libc.a(libc_a-ssputs_r.o)
                0x0000c174                __ssputs_r
 .text          0x0000c234       0x2c /usr/lib/gcc/arm-none-eabi/13.2.1/../../../arm-none-eabi/lib/thumb/v7e-m+fp/hard/libc.a(libc_a-readr.o)
                0x0000c234                _read_r
 .text          0x0000c260       0x44 /usr/lib/gcc/arm-none-eabi/13.2.1/../../../arm-none-eabi/lib/thumb/v7e-m+fp/hard/libc.a(libc_a-fiprintf.o)
                0x0000c260                _fiprintf_r
                0x0000c27c                fiprintf
 .text          0x0000c2a4       0x30 /usr/lib/gcc/arm-none-eabi/13.2.1/../../../arm-none-eabi/lib/thumb/v7e-m+fp/hard/libc.a(libc_a-wctomb_r.o)
                0x0000c2a4                _wctomb_r
                0x0000c2b8                __ascii_wctomb
 .text          0x0000c2d4       0x2c /usr/lib/gcc/arm-none-eabi/13.2.1/../../../arm-none-eabi/lib/thumb/v7e-m+fp/hard/libc.a(libc_a-lseekr.o)
                0x0000c2d4                _lseek_r
 .text          0x0000c300      0x344 /usr/lib/gcc/arm-none-eabi/13.2.1/../../../arm-none-eabi/lib/thumb/v7e-m+fp/hard/libc.a(libc_a-reallocr.o)
                0x0000c300                _realloc_r
 .text          0x0000c644       0x2c /usr/lib/gcc/arm-none-eabi/13.2.1/../../../arm-none-eabi/lib/thumb/v7e-m+fp/hard/libc.a(libc_a-fstatr.o)
                0x0000c644                _fstat_r
 .text          0x0000c670       0x24 /usr/lib/gcc/arm-none-eabi/13.2.1/../../../arm-none-eabi/lib/thumb/v7e-m+fp/hard/libc.a(libc_a-isattyr.o)
                0x0000c670                _isatty_r
 .text          0x0000c694      0x300 /usr/lib/gcc/arm-none-eabi/13.2.1/../../../arm-none-eabi/lib/thumb/v7e-m+fp/hard/libc.a(libc_a-fvwrite.o)
                0x0000c694                __sfvwrite_r
 .text          0x0000c994      0x280 /usr/lib/gcc/arm-none-eabi/13.2.1/../../../arm-none-eabi/lib/thumb/v7e-m+fp/hard/libc.a(libc_a-signal.o)
                0x0000c994                _init_signal_r
                0x0000c9c4                _signal_r
                0x0000ca14                _raise_r
                0x0000ca68                __sigtramp_r
                0x0000cacc                raise
                0x0000cb24                signal
                0x0000cb74                _init_signal
                0x0000cbac                __sigtramp
 .text          0x0000cc14       0x30 /usr/lib/gcc/arm-none-eabi/13.2.1/../../../arm-none-eabi/lib/thumb/v7e-m+fp/hard/libc.a(libc_a-signalr.o)
                0x0000cc14                _kill_r
                0x0000cc40                _getpid_r
 .text          0x0000cc44      0x100 /usr/lib/gcc/arm-none-eabi/13.2.1/../../../arm-none-eabi/lib/thumb/v7e-m+fp/hard/libc.a(libc_a-memmove.o)
                0x0000cc44                memmove
 .text          0x0000cd44      0xb44 /usr/lib/gcc/arm-none-eabi/13.2.1/../../../arm-none-eabi/lib/thumb/v7e-m+fp/hard/libc.a(libc_a-vfiprintf.o)
                0x0000cd44                _vfiprintf_r
                0x0000d800                vfiprintf
 .text          0x0000d888       0x1c /usr/lib/gcc/arm-none-eabi/13.2.1/../../../arm-none-eabi/lib/thumb/v7e-m+fp/hard/libnosys.a(sbrk.o)
                0x0000d888                _sbrk
 .text          0x0000d8a4        0x4 /usr/lib/gcc/arm-none-eabi/13.2.1/../../../arm-none-eabi/lib/thumb/v7e-m+fp/hard/libnosys.a(_exit.o)
                0x0000d8a4                _exit
 .text          0x0000d8a8       0x10 /usr/lib/gcc/arm-none-eabi/13.2.1/../../../arm-none-eabi/lib/thumb/v7e-m+fp/hard/libm.a(libm_a-sf_fabs.o)
                0x0000d8a8                fabsf
 .text          0x0000d8b8      0x378 /usr/lib/gcc/arm-none-eabi/13.2.1/thumb/v7e-m+fp/hard/libgcc.a(_arm_addsubdf3.o)
                0x0000d8b8                __aeabi_drsub
                0x0000d8c0                __aeabi_dsub
                0x0000d8c0                __subdf3
                0x0000d8c4                __adddf3
                0x0000d8c4                __aeabi_dadd
                0x0000db3c                __aeabi_ui2d
                0x0000db3c                __floatunsidf
                0x0000db5c                __floatsidf
                0x0000db5c                __aeabi_i2d
                0x0000db80                __extendsfdf2
                0x0000db80                __aeabi_f2d
                0x0000dbc4                __aeabi_ul2d
                0x0000dbc4                __floatundidf
                0x0000dbd4                __floatdidf
                0x0000dbd4                __aeabi_l2d
 .text          0x0000dc30      0x424 /usr/lib/gcc/arm-none-eabi/13.2.1/thumb/v7e-m+fp/hard/libgcc.a(_arm_muldivdf3.o)
                0x0000dc30                __aeabi_dmul
                0x0000dc30                __muldf3
                0x0000de84                __aeabi_ddiv
                0x0000de84                __divdf3
 .text          0x0000e054      0x110 /usr/lib/gcc/arm-none-eabi/13.2.1/thumb/v7e-m+fp/hard/libgcc.a(_arm_cmpdf2.o)
                0x0000e054                __gtdf2
                0x0000e054                __gedf2
                0x0000e05c                __ltdf2
                0x0000e05c                __ledf2
                0x0000e064                __cmpdf2
                0x0000e064                __eqdf2
                0x0000e064                __nedf2
                0x0000e0e0                __aeabi_cdrcmple
                0x0000e0f0                __aeabi_cdcmple
                0x0000e0f0                __aeabi_cdcmpeq
                0x0000e100                __aeabi_dcmpeq
                0x0000e114                __aeabi_dcmplt
                0x0000e128                __aeabi_dcmple
                0x0000e13c                __aeabi_dcmpge
                0x0000e150                __aeabi_dcmpgt
 .text          0x0000e164       0x2c /usr/lib/gcc/arm-none-eabi/13.2.1/thumb/v7e-m+fp/hard/libgcc.a(_arm_unorddf2.o)
                0x0000e164                __aeabi_dcmpun
                0x0000e164                __unorddf2
 .text          0x0000e190       0x50 /usr/lib/gcc/arm-none-eabi/13.2.1/thumb/v7e-m+fp/hard/libgcc.a(_arm_fixdfsi.o)
                0x0000e190                __fixdfsi
                0x0000e190                __aeabi_d2iz
 *(.init)
 .init          0x0000e1e0        0x4 /usr/lib/gcc/arm-none-eabi/13.2.1/thumb/v7e-m+fp/hard/crti.o
                0x0000e1e0                _init
 .init          0x0000e1e4        0x8 /usr/lib/gcc/arm-none-eabi/13.2.1/thumb/v7e-m+fp/hard/crtn.o
 *(.fini)
 .fini          0x0000e1ec        0x4 /usr/lib/gcc/arm-none-eabi/13.2.1/thumb/v7e-m+fp/hard/crti.o
                0x0000e1ec                _fini
 .fini          0x0000e1f0        0x8 /usr/lib/gcc/arm-none-eabi/13.2.1/thumb/v7e-m+fp/hard/crtn.o
 *crtbegin.o(.ctors)
 *crtbegin?.o(.ctors)
 *(EXCLUDE_FILE(*crtend.o *crtend?.o) .ctors)
 *(SORT_BY_NAME(.ctors.*))
 *(.ctors)
 *crtbegin.o(.dtors)
 *crtbegin?.o(.dtors)
 *(EXCLUDE_FILE(*crtend.o *crtend?.o) .dtors)
 *(SORT_BY_NAME(.dtors.*))
 *(.dtors)
 *(.rodata*)
 .rodata.nrf_gpio_pin_port_decode.str1.1
                0x0000e1f8     0x2316 _build/alarm_system.o
                                 0x43 (size before relaxing)
 .rodata.alarm_notify_dispense.str1.1
                0x0001050e       0x1e _build/alarm_system.o
 .rodata.alarm_intensify_pickup.str1.1
                0x0001050e       0x1e _build/alarm_system.o
 .rodata.alarm_container_low_capacity.str1.1
                0x0001050e       0x3d _build/alarm_system.o
 .rodata.alarm_bad_environment.str1.1
                0x0001050e       0x25 _build/alarm_system.o
 .rodata.alarm_mechanical.str1.1
                0x0001050e       0x15 _build/alarm_system.o
 *fill*         0x0001050e        0x2 
 .rodata.delay_machine_code.0
                0x00010510        0x6 _build/alarm_system.o
 .rodata.str1.1
                0x00010516        0x4 _build/alarm_system.o
 .rodata.nrf_gpio_pin_read.str1.1
                0x00010516       0x43 _build/button.o
 .rodata.button_interrupt_init.str1.1
                0x00010516       0x51 _build/button.o
 .rodata        0x00010516        0x3 _build/button.o
 .rodata.configuration_mode.str1.1
                0x00010519      0x354 _build/configuration_mode.o
 *fill*         0x00010519        0x7 
 .rodata.delay_machine_code.0
                0x00010520        0x6 _build/configuration_mode.o
 .rodata.str1.1
                0x00010526       0x44 _build/configuration_mode.o
 *fill*         0x00010526        0x2 
 .rodata.add_remove
                0x00010528        0x8 _build/configuration_mode.o
 .rodata.day_names
                0x00010530       0x1c _build/configuration_mode.o
 .rodata.ir_sensor_callback.str1.1
                0x0001054c       0x30 _build/dispenser_system.o
 .rodata.dispenser_init.str1.1
                0x0001054c      0x25a _build/dispenser_system.o
 .rodata.update_day_of_week.str1.1
                0x0001054c       0x24 _build/dispenser_system.o
 .rodata.dispense.str1.1
                0x0001054c       0x6f _build/dispenser_system.o
 .rodata.check_pill_dispense_schedule.str1.1
                0x0001054c       0x53 _build/dispenser_system.o
 .rodata.update_dispense_and_pickup_timers.str1.1
                0x0001054c      0x11c _build/dispenser_system.o
 .rodata.update_display_info.str1.1
                0x0001054c       0x59 _build/dispenser_system.o
 *fill*         0x0001054c        0x4 
 .rodata.delay_machine_code.0
                0x00010550        0x6 _build/dispenser_system.o
 .rodata.dispension_add.str1.1
                0x00010556       0x6e _build/dispension.o
 .rodata.dispension_remove.str1.1
                0x00010556       0x35 _build/dispension.o
 .rodata.display_reset_addressing.str1.1
                0x00010556       0x29 _build/display.o
 .rodata.display_init.str1.1
                0x00010556       0x5e _build/display.o
 .rodata.display_turn_on.str1.1
                0x00010556       0x4b _build/display.o
 .rodata.ssd1306_init_cmds
                0x00010556       0x19 _build/display.o
 .rodata.font8x8_basic_tr
                0x0001056f      0x400 _build/display.o
 .rodata.humidity_init.str1.1
                0x0001096f       0x20 _build/humidity.o
 .rodata.humidity_measure.str1.1
                0x0001096f       0x4b _build/humidity.o
 *fill*         0x0001096f        0x1 
 .rodata.delay_machine_code.0
                0x00010970        0x6 _build/humidity.o
 .rodata.i2c_init.str1.1
                0x00010976        0xd _build/i2c_driver.o
 *fill*         0x00010976        0x2 
 .rodata.twi_mngr_instance
                0x00010978       0x18 _build/i2c_driver.o
 .rodata        0x00010990       0x10 _build/i2c_driver.o
 .rodata.nrf_gpio_pin_read.str1.1
                0x000109a0       0x43 _build/ir_sensor.o
 .rodata.ir_handler.str1.1
                0x000109a0       0x7a _build/ir_sensor.o
 .rodata.ir_sensor_init.str1.1
                0x000109a0       0x92 _build/ir_sensor.o
 .rodata.show_confirmation.str1.1
                0x000109a0       0x5f _build/loading_mode.o
 .rodata.loading_mode.str1.1
                0x000109a0       0xc0 _build/loading_mode.o
 .rodata.delay_machine_code.0
                0x000109a0        0x6 _build/loading_mode.o
 .rodata.main.str1.1
                0x000109a6       0xee _build/main.o
 *fill*         0x000109a6        0xa 
 .rodata.delay_machine_code.0
                0x000109b0        0x6 _build/main.o
 .rodata.rtc_set.str1.1
                0x000109b6      0x18c _build/rtc.o
 .rodata.rtc_get.str1.1
                0x000109b6       0xb2 _build/rtc.o
 .rodata.set_servo_angle.str1.1
                0x000109b6       0x35 _build/servo.o
 .rodata.servo_init.str1.1
                0x000109b6       0x23 _build/servo.o
 .rodata        0x000109b6        0xc _build/servo.o
 .rodata.nrf_gpio_pin_port_decode.str1.1
                0x000109c2       0x43 _build/better_error_handling.o
 .rodata.app_error_fault_handler.str1.1
                0x000109c2       0x78 _build/better_error_handling.o
 .rodata.HardFault_c_handler.str1.1
                0x000109c2      0x12e _build/better_error_handling.o
 .rodata.str1.1
                0x000109c2      0x4b6 _build/better_error_handling.o
 *fill*         0x000109c2        0x2 
 .rodata.cfsr_msgs.0
                0x000109c4       0x68 _build/better_error_handling.o
 *fill*         0x00010a2c        0x4 
 .rodata.delay_machine_code.1
                0x00010a30        0x6 _build/better_error_handling.o
 .rodata.LED_COLS
                0x00010a36        0x5 _build/better_error_handling.o
 .rodata.LED_ROWS
                0x00010a3b        0x5 _build/better_error_handling.o
 .rodata.called_first.str1.1
                0x00010a40       0x5a _build/microbit_before_startup.o
 .rodata.delay_machine_code.0
                0x00010a40        0x6 _build/microbit_before_startup.o
 .rodata.uart_init.constprop.0.str1.1
                0x00010a46       0x60 _build/microbit_nrf_log_backend_uart.o
 *fill*         0x00010a46        0x2 
 .rodata.nrf_log_backend_uart_api
                0x00010a48        0xc _build/microbit_nrf_log_backend_uart.o
                0x00010a48                nrf_log_backend_uart_api
 .rodata        0x00010a54       0x20 _build/microbit_nrf_log_backend_uart.o
 *fill*         0x00010a74        0xc 
 .rodata.delay_machine_code.0
                0x00010a80        0x6 _build/app_timer.o
 .rodata.app_util_critical_region_enter.str1.1
                0x00010a86       0x55 _build/app_util_platform.o
 .rodata.nrf_balloc_init.str1.1
                0x00010a86       0x50 _build/nrf_balloc.o
 .rodata.nrf_drv_clock_uninit.str1.1
                0x00010a86       0x4f _build/nrf_drv_clock.o
 .rodata.str1.1
                0x00010a86        0x6 _build/nrf_drv_clock.o
 .rodata.nrf_gpio_pin_port_decode.str1.1
                0x00010a86       0x43 _build/nrf_drv_twi.o
 *fill*         0x00010a86        0xa 
 .rodata.delay_machine_code.0
                0x00010a90        0x6 _build/nrf_drv_twi.o
 .rodata.nrf_fprintf_buffer_flush.str1.1
                0x00010a96       0x46 _build/nrf_fprintf.o
 .rodata.nrf_fprintf_fmt.str1.1
                0x00010a96       0x4d _build/nrf_fprintf_format.o
 .rodata._aV2C.0
                0x00010a96       0x10 _build/nrf_fprintf_format.o
 .rodata.nrf_log_default_backends_init.str1.1
                0x00010aa6       0x5f _build/nrf_log_default_backends.o
 .rodata.str1.1
                0x00010aa6       0x11 _build/nrf_log_default_backends.o
 .rodata.buf_prealloc.str1.1
                0x00010aa6       0x57 _build/nrf_log_frontend.o
 .rodata.nrf_log_frontend_dequeue.str1.1
                0x00010aa6       0x11 _build/nrf_log_frontend.o
 .rodata.str1.1
                0x00010aa6        0x4 _build/nrf_log_frontend.o
 *fill*         0x00010aa6        0x2 
 .rodata.m_log_push_ringbuf
                0x00010aa8        0xc _build/nrf_log_frontend.o
 .rodata.postfix_process.str1.1
                0x00010ab4        0xb _build/nrf_log_str_formatter.o
 .rodata.prefix_process.constprop.0.str1.1
                0x00010ab4       0x2a _build/nrf_log_str_formatter.o
 .rodata.nrf_log_hexdump_entry_process.str1.1
                0x00010ab4       0x11 _build/nrf_log_str_formatter.o
 .rodata.str1.1
                0x00010ab4       0x51 _build/nrf_log_str_formatter.o
 .rodata.m_colors
                0x00010ab4       0x24 _build/nrf_log_str_formatter.o
 .rodata.severity_names
                0x00010ad8       0x14 _build/nrf_log_str_formatter.o
 .rodata.memobj_op.str1.1
                0x00010aec       0x50 _build/nrf_memobj.o
 .rodata.str1.1
                0x00010aec        0x9 _build/nrf_pwr_mgmt.o
 .rodata.nrf_queue_next_idx.str1.1
                0x00010aec       0x4e _build/nrf_queue.o
 .rodata.str1.1
                0x00010aec      0x391 _build/nrf_strerror.o
 .rodata.nrf_strerror_array
                0x00010aec      0x118 _build/nrf_strerror.o
 .rodata.m_unknown_str
                0x00010c04       0x13 _build/nrf_strerror.o
 .rodata.transaction_end_signal.str1.1
                0x00010c17       0x54 _build/nrf_twi_mngr.o
 .rodata.nrfx_clock_init.str1.1
                0x00010c17       0x4d _build/nrfx_clock.o
 .rodata.str1.1
                0x00010c17        0x6 _build/nrfx_clock.o
 .rodata.nrf_gpio_pin_port_decode.str1.1
                0x00010c17       0x43 _build/nrfx_gpiote.o
 .rodata.nrfx_gpiote_out_init.str1.1
                0x00010c17       0x4e _build/nrfx_gpiote.o
 .rodata.str1.1
                0x00010c17        0x7 _build/nrfx_gpiote.o
 .rodata.UARTE0_UART0_IRQHandler.str1.1
                0x00010c17       0x4f _build/nrfx_prs.o
 .rodata.str1.1
                0x00010c17        0x4 _build/nrfx_prs.o
 .rodata.nrf_gpio_pin_port_decode.str1.1
                0x00010c17       0x43 _build/nrfx_pwm.o
 .rodata.nrf_pwm_sequence_set.str1.1
                0x00010c17       0x42 _build/nrfx_pwm.o
 .rodata.nrfx_pwm_init.str1.1
                0x00010c17       0x8f _build/nrfx_pwm.o
 .rodata.str1.1
                0x00010c17        0x4 _build/nrfx_pwm.o
 .rodata.str1.1
                0x00010c17        0x6 _build/nrfx_saadc.o
 .rodata.nrf_gpio_pin_port_decode.str1.1
                0x00010c17       0x43 _build/nrfx_spim.o
 .rodata.SPIM2_SPIS2_SPI2_IRQHandler.str1.1
                0x00010c17       0x4c _build/nrfx_spim.o
 .rodata.str1.1
                0x00010c17        0x5 _build/nrfx_spim.o
 .rodata.str1.1
                0x00010c17        0x6 _build/nrfx_timer.o
 .rodata.nrf_gpio_pin_port_decode.str1.1
                0x00010c17       0x43 _build/nrfx_twim.o
 .rodata.twim_irq_handler.str1.1
                0x00010c17       0x4c _build/nrfx_twim.o
 .rodata.nrfx_twim_init.str1.1
                0x00010c17       0x44 _build/nrfx_twim.o
 *fill*         0x00010c17        0x1 
 .rodata.irq_handlers.0
                0x00010c18        0x8 _build/nrfx_twim.o
 .rodata.str1.1
                0x00010c20        0x5 _build/nrfx_twim.o
 .rodata.nrf_gpio_pin_port_decode.str1.1
                0x00010c20       0x43 _build/nrfx_uart.o
 .rodata.nrfx_uart_init.str1.1
                0x00010c20       0x90 _build/nrfx_uart.o
 .rodata.str1.1
                0x00010c20        0x5 _build/nrfx_uart.o
 .rodata.nrf_gpio_pin_port_decode.str1.1
                0x00010c20       0x43 _build/nrfx_uarte.o
 .rodata.nrfx_uarte_init.str1.1
                0x00010c20       0x91 _build/nrfx_uarte.o
 .rodata.irq_handlers.0
                0x00010c20        0x8 _build/nrfx_uarte.o
 .rodata.str1.1
                0x00010c28        0x6 _build/nrfx_uarte.o
 .rodata        0x00010c28      0x101 /usr/lib/gcc/arm-none-eabi/13.2.1/../../../arm-none-eabi/lib/thumb/v7e-m+fp/hard/libc.a(libc_a-ctype_.o)
                0x00010c28                _ctype_
 *fill*         0x00010d29        0x3 
 .rodata.str1.4
                0x00010d2c      0x112 /usr/lib/gcc/arm-none-eabi/13.2.1/../../../arm-none-eabi/lib/thumb/v7e-m+fp/hard/libc.a(libc_a-vfprintf.o)
                                 0x42 (size before relaxing)
 *fill*         0x00010e3e        0x2 
 .rodata        0x00010e40       0x20 /usr/lib/gcc/arm-none-eabi/13.2.1/../../../arm-none-eabi/lib/thumb/v7e-m+fp/hard/libc.a(libc_a-vfprintf.o)
 .rodata.str1.4
                0x00010e60       0x42 /usr/lib/gcc/arm-none-eabi/13.2.1/../../../arm-none-eabi/lib/thumb/v7e-m+fp/hard/libc.a(libc_a-svfprintf.o)
 .rodata        0x00010e60       0x20 /usr/lib/gcc/arm-none-eabi/13.2.1/../../../arm-none-eabi/lib/thumb/v7e-m+fp/hard/libc.a(libc_a-svfprintf.o)
 .rodata.str1.4
                0x00010e80       0x54 /usr/lib/gcc/arm-none-eabi/13.2.1/../../../arm-none-eabi/lib/thumb/v7e-m+fp/hard/libc.a(libc_a-dtoa.o)
 .rodata.str1.4
                0x00010e80       0x43 /usr/lib/gcc/arm-none-eabi/13.2.1/../../../arm-none-eabi/lib/thumb/v7e-m+fp/hard/libc.a(libc_a-assert.o)
 .rodata.str1.4
                0x00010e80       0x41 /usr/lib/gcc/arm-none-eabi/13.2.1/../../../arm-none-eabi/lib/thumb/v7e-m+fp/hard/libc.a(libc_a-mprec.o)
 .rodata        0x00010e80      0x128 /usr/lib/gcc/arm-none-eabi/13.2.1/../../../arm-none-eabi/lib/thumb/v7e-m+fp/hard/libc.a(libc_a-mprec.o)
                0x00010e90                __mprec_tens
                0x00010f58                __mprec_tinytens
                0x00010f80                __mprec_bigtens
 .rodata.str1.4
                0x00010fa8       0x12 /usr/lib/gcc/arm-none-eabi/13.2.1/../../../arm-none-eabi/lib/thumb/v7e-m+fp/hard/libc.a(libc_a-locale.o)
 .rodata.str1.4
                0x00010fa8       0x2f /usr/lib/gcc/arm-none-eabi/13.2.1/../../../arm-none-eabi/lib/thumb/v7e-m+fp/hard/libc.a(libc_a-vfiprintf.o)
 .rodata        0x00010fa8       0x20 /usr/lib/gcc/arm-none-eabi/13.2.1/../../../arm-none-eabi/lib/thumb/v7e-m+fp/hard/libc.a(libc_a-vfiprintf.o)
 *(.eh_frame*)
 .eh_frame      0x00010fc8        0x0 /usr/lib/gcc/arm-none-eabi/13.2.1/thumb/v7e-m+fp/hard/crtbegin.o
 .eh_frame      0x00010fc8       0x34 /usr/lib/gcc/arm-none-eabi/13.2.1/../../../arm-none-eabi/lib/thumb/v7e-m+fp/hard/libc.a(libc_a-strlen.o)
 .eh_frame      0x00010ffc       0x2c /usr/lib/gcc/arm-none-eabi/13.2.1/../../../arm-none-eabi/lib/thumb/v7e-m+fp/hard/libc.a(libc_a-memcpy.o)
 .eh_frame      0x00011028       0x50 /usr/lib/gcc/arm-none-eabi/13.2.1/../../../arm-none-eabi/lib/thumb/v7e-m+fp/hard/libc.a(libc_a-memchr.o)
 .eh_frame      0x00011078        0x4 /usr/lib/gcc/arm-none-eabi/13.2.1/thumb/v7e-m+fp/hard/crtend.o

.glue_7         0x0001107c        0x0
 .glue_7        0x0001107c        0x0 linker stubs

.glue_7t        0x0001107c        0x0
 .glue_7t       0x0001107c        0x0 linker stubs

.vfp11_veneer   0x0001107c        0x0
 .vfp11_veneer  0x0001107c        0x0 linker stubs

.v4_bx          0x0001107c        0x0
 .v4_bx         0x0001107c        0x0 linker stubs

.iplt           0x0001107c        0x0
 .iplt          0x0001107c        0x0 /usr/lib/gcc/arm-none-eabi/13.2.1/thumb/v7e-m+fp/hard/crtbegin.o

.pwr_mgmt_data  0x0001107c        0x0
                0x0001107c                        PROVIDE (__start_pwr_mgmt_data = .)
 *(SORT_BY_NAME(.pwr_mgmt_data*))
                0x0001107c                        PROVIDE (__stop_pwr_mgmt_data = .)

.log_const_data
                0x0001107c       0x68
                0x0001107c                        PROVIDE (__start_log_const_data = .)
 *(SORT_BY_NAME(.log_const_data*))
 .log_const_data_CLOCK
                0x0001107c        0x8 _build/nrfx_clock.o
                0x0001107c                m_nrf_log_CLOCK_logs_data_const
 .log_const_data_GPIOTE
                0x00011084        0x8 _build/nrfx_gpiote.o
                0x00011084                m_nrf_log_GPIOTE_logs_data_const
 .log_const_data_PRS
                0x0001108c        0x8 _build/nrfx_prs.o
                0x0001108c                m_nrf_log_PRS_logs_data_const
 .log_const_data_PWM
                0x00011094        0x8 _build/nrfx_pwm.o
                0x00011094                m_nrf_log_PWM_logs_data_const
 .log_const_data_SAADC
                0x0001109c        0x8 _build/nrfx_saadc.o
                0x0001109c                m_nrf_log_SAADC_logs_data_const
 .log_const_data_SPIM
                0x000110a4        0x8 _build/nrfx_spim.o
                0x000110a4                m_nrf_log_SPIM_logs_data_const
 .log_const_data_TIMER
                0x000110ac        0x8 _build/nrfx_timer.o
                0x000110ac                m_nrf_log_TIMER_logs_data_const
 .log_const_data_TWIM
                0x000110b4        0x8 _build/nrfx_twim.o
                0x000110b4                m_nrf_log_TWIM_logs_data_const
 .log_const_data_UART
                0x000110bc        0x8 _build/nrfx_uart.o
                0x000110bc                m_nrf_log_UART_logs_data_const
 .log_const_data_UARTE
                0x000110c4        0x8 _build/nrfx_uarte.o
                0x000110c4                m_nrf_log_UARTE_logs_data_const
 .log_const_data_app
                0x000110cc        0x8 _build/nrf_log_frontend.o
                0x000110cc                m_nrf_log_app_logs_data_const
 .log_const_data_clock
                0x000110d4        0x8 _build/nrf_drv_clock.o
                0x000110d4                m_nrf_log_clock_logs_data_const
 .log_const_data_pwr_mgmt
                0x000110dc        0x8 _build/nrf_pwr_mgmt.o
                0x000110dc                m_nrf_log_pwr_mgmt_logs_data_const
                0x000110e4                        PROVIDE (__stop_log_const_data = .)

.nrf_balloc     0x000110e4       0x14
                [!provide]                        PROVIDE (__start_nrf_balloc = .)
 *(.nrf_balloc)
 .nrf_balloc    0x000110e4       0x14 _build/nrf_log_frontend.o
                0x000110e4                log_mempool
                [!provide]                        PROVIDE (__stop_nrf_balloc = .)

.nrf_queue      0x000110f8       0x14
                [!provide]                        PROVIDE (__start_nrf_queue = .)
 *(.nrf_queue)
 .nrf_queue     0x000110f8       0x14 _build/i2c_driver.o
                0x000110f8                twi_mngr_instance_queue
                [!provide]                        PROVIDE (__stop_nrf_queue = .)

.log_backends   0x0001110c       0x10
 .log_backends  0x0001110c       0x10 _build/nrf_log_default_backends.o

.cli_command    0x0001111c        0x0
                [!provide]                        PROVIDE (__start_cli_command = .)
 *(.cli_command)
                [!provide]                        PROVIDE (__stop_cli_command = .)

.sdh_stack_observers
                0x0001111c        0x0
                [!provide]                        PROVIDE (__start_sdh_stack_observers = .)
 *(SORT_BY_NAME(.sdh_stack_observers*))
                [!provide]                        PROVIDE (__stop_sdh_stack_observers = .)

.sdh_req_observers
                0x0001111c        0x0
                [!provide]                        PROVIDE (__start_sdh_req_observers = .)
 *(SORT_BY_NAME(.sdh_req_observers*))
                [!provide]                        PROVIDE (__stop_sdh_req_observers = .)

.sdh_state_observers
                0x0001111c        0x0
                [!provide]                        PROVIDE (__start_sdh_state_observers = .)
 *(SORT_BY_NAME(.sdh_state_observers*))
                [!provide]                        PROVIDE (__stop_sdh_state_observers = .)

.sdh_ant_observers
                0x0001111c        0x0
                [!provide]                        PROVIDE (__start_sdh_ant_observers = .)
 *(SORT_BY_NAME(.sdh_ant_observers*))
                [!provide]                        PROVIDE (__stop_sdh_ant_observers = .)

.sdh_ble_observers
                0x0001111c        0x0
                [!provide]                        PROVIDE (__start_sdh_ble_observers = .)
 *(SORT_BY_NAME(.sdh_ble_observers*))
                [!provide]                        PROVIDE (__stop_sdh_ble_observers = .)

.sdh_soc_observers
                0x0001111c        0x0
                [!provide]                        PROVIDE (__start_sdh_soc_observers = .)
 *(SORT_BY_NAME(.sdh_soc_observers*))
                [!provide]                        PROVIDE (__stop_sdh_soc_observers = .)

.crypto_data    0x0001111c        0x0
                [!provide]                        PROVIDE (__start_crypto_data = .)
 *(SORT_BY_NAME(.crypto_data*))
                [!provide]                        PROVIDE (__stop_crypto_data = .)

.ARM.extab
 *(.ARM.extab* .gnu.linkonce.armextab.*)
                0x0001111c                        __exidx_start = .

.ARM.exidx      0x0001111c        0x8
 *(.ARM.exidx* .gnu.linkonce.armexidx.*)
 .ARM.exidx     0x0001111c        0x8 /usr/lib/gcc/arm-none-eabi/13.2.1/../../../arm-none-eabi/lib/thumb/v7e-m+fp/hard/crt0.o
                                 0x10 (size before relaxing)
 .ARM.exidx     0x00011124        0x0 /usr/lib/gcc/arm-none-eabi/13.2.1/../../../arm-none-eabi/lib/thumb/v7e-m+fp/hard/libc.a(libc_a-strlen.o)
                                  0x8 (size before relaxing)
 .ARM.exidx     0x00011124        0x0 /usr/lib/gcc/arm-none-eabi/13.2.1/../../../arm-none-eabi/lib/thumb/v7e-m+fp/hard/libc.a(libc_a-memcpy.o)
                                  0x8 (size before relaxing)
 .ARM.exidx     0x00011124        0x0 /usr/lib/gcc/arm-none-eabi/13.2.1/../../../arm-none-eabi/lib/thumb/v7e-m+fp/hard/libc.a(libc_a-memchr.o)
                                  0x8 (size before relaxing)
                0x00011124                        __exidx_end = .
                0x00011124                        __etext = .

.rel.dyn        0x00011124        0x0
 .rel.iplt      0x00011124        0x0 /usr/lib/gcc/arm-none-eabi/13.2.1/thumb/v7e-m+fp/hard/crtbegin.o

.data           0x20000000      0x71c load address 0x00011124
                0x20000000                        __data_start__ = .
 *(vtable)
 *(.data*)
 .data.container_names
                0x20000000        0x8 _build/alarm_system.o
                0x20000000                container_names
 .data.add_amount
                0x20000008        0x1 _build/configuration_mode.o
 *fill*         0x20000009        0x1 
 .data.add_time_minutes
                0x2000000a        0x2 _build/configuration_mode.o
 .data.add_day  0x2000000c        0x1 _build/configuration_mode.o
 .data.current_day_of_week
                0x2000000d        0x1 _build/dispenser_system.o
 *fill*         0x2000000e        0x2 
 .data.p_twi_mngr
                0x20000010        0x4 _build/i2c_driver.o
 .data.start_time
                0x20000014        0x8 _build/rtc.o
                0x20000014                start_time
 .data.pwm_seq  0x2000001c       0x10 _build/servo.o
 .data.pwm_instance
                0x2000002c        0x8 _build/servo.o
 .data.m_uart   0x20000034       0x14 _build/microbit_nrf_log_backend_uart.o
                0x20000034                m_uart
 .data.log_backend_cb_uart_log_backend
                0x20000048        0x8 _build/nrf_log_default_backends.o
 .data.SystemCoreClock
                0x20000050        0x4 _build/system_nrf52833.o
                0x20000050                SystemCoreClock
 *fill*         0x20000054        0x4 
 .data          0x20000058      0x128 /usr/lib/gcc/arm-none-eabi/13.2.1/../../../arm-none-eabi/lib/thumb/v7e-m+fp/hard/libc.a(libc_a-impure.o)
                0x20000058                _impure_ptr
                0x20000060                _impure_data
 .data          0x20000180        0xc /usr/lib/gcc/arm-none-eabi/13.2.1/../../../arm-none-eabi/lib/thumb/v7e-m+fp/hard/libc.a(libc_a-findfp.o)
                0x20000180                __sglue
 *fill*         0x2000018c        0x4 
 .data          0x20000190      0x410 /usr/lib/gcc/arm-none-eabi/13.2.1/../../../arm-none-eabi/lib/thumb/v7e-m+fp/hard/libc.a(libc_a-mallocr.o)
                0x20000190                __malloc_av_
                0x20000598                __malloc_sbrk_base
                0x2000059c                __malloc_trim_threshold
 .data          0x200005a0      0x16c /usr/lib/gcc/arm-none-eabi/13.2.1/../../../arm-none-eabi/lib/thumb/v7e-m+fp/hard/libc.a(libc_a-locale.o)
                0x200005a0                __global_locale
                0x2000070c                        . = ALIGN (0x4)
                0x2000070c                        PROVIDE (__preinit_array_start = .)
 *(.preinit_array)
                0x2000070c                        PROVIDE (__preinit_array_end = .)
                0x2000070c                        . = ALIGN (0x4)
                0x2000070c                        PROVIDE (__init_array_start = .)
 *(SORT_BY_NAME(.init_array.*))
 .init_array.00000
                0x2000070c        0x4 /usr/lib/gcc/arm-none-eabi/13.2.1/../../../arm-none-eabi/lib/thumb/v7e-m+fp/hard/libc.a(libc_a-__call_atexit.o)
 *(.init_array)
 .init_array    0x20000710        0x4 /usr/lib/gcc/arm-none-eabi/13.2.1/thumb/v7e-m+fp/hard/crtbegin.o
 .init_array    0x20000714        0x4 _build/microbit_before_startup.o
                0x20000718                        PROVIDE (__init_array_end = .)
                0x20000718                        . = ALIGN (0x4)
                0x20000718                        PROVIDE (__fini_array_start = .)
 *(SORT_BY_NAME(.fini_array.*))
 *(.fini_array)
 .fini_array    0x20000718        0x4 /usr/lib/gcc/arm-none-eabi/13.2.1/thumb/v7e-m+fp/hard/crtbegin.o
                0x2000071c                        PROVIDE (__fini_array_end = .)
 *(.jcr*)
                0x2000071c                        . = ALIGN (0x4)
                0x2000071c                        __data_end__ = .
LOAD /usr/lib/gcc/arm-none-eabi/13.2.1/thumb/v7e-m+fp/hard/crti.o
LOAD /usr/lib/gcc/arm-none-eabi/13.2.1/thumb/v7e-m+fp/hard/crtbegin.o
LOAD /usr/lib/gcc/arm-none-eabi/13.2.1/../../../arm-none-eabi/lib/thumb/v7e-m+fp/hard/crt0.o
START GROUP
LOAD _build/alarm_system.o
LOAD _build/button.o
LOAD _build/configuration_mode.o
LOAD _build/dispenser_system.o
LOAD _build/dispension.o
LOAD _build/display.o
LOAD _build/humidity.o
LOAD _build/i2c_driver.o
LOAD _build/ir_sensor.o
LOAD _build/loading_mode.o
LOAD _build/main.o
LOAD _build/rtc.o
LOAD _build/servo.o
LOAD _build/temperature.o
LOAD _build/better_error_handling.o
LOAD _build/clib_stubs.o
LOAD _build/microbit_before_startup.o
LOAD _build/microbit_nrf_log_backend_uart.o
LOAD _build/microbit_retarget.o
LOAD _build/app_error_handler_gcc.o
LOAD _build/app_fifo.o
LOAD _build/app_scheduler.o
LOAD _build/app_timer.o
LOAD _build/app_uart_fifo.o
LOAD _build/app_util_platform.o
LOAD _build/hardfault_handler_gcc.o
LOAD _build/nrf_assert.o
LOAD _build/nrf_atomic.o
LOAD _build/nrf_balloc.o
LOAD _build/nrf_drv_clock.o
LOAD _build/nrf_drv_twi.o
LOAD _build/nrf_drv_uart.o
LOAD _build/nrf_fprintf.o
LOAD _build/nrf_fprintf_format.o
LOAD _build/nrf_log_backend_rtt.o
LOAD _build/nrf_log_backend_serial.o
LOAD _build/nrf_log_default_backends.o
LOAD _build/nrf_log_frontend.o
LOAD _build/nrf_log_str_formatter.o
LOAD _build/nrf_memobj.o
LOAD _build/nrf_nvmc.o
LOAD _build/nrf_pwr_mgmt.o
LOAD _build/nrf_queue.o
LOAD _build/nrf_ringbuf.o
LOAD _build/nrf_sdh.o
LOAD _build/nrf_section_iter.o
LOAD _build/nrf_serial.o
LOAD _build/nrf_strerror.o
LOAD _build/nrf_twi_mngr.o
LOAD _build/nrfx_clock.o
LOAD _build/nrfx_gpiote.o
LOAD _build/nrfx_ppi.o
LOAD _build/nrfx_prs.o
LOAD _build/nrfx_pwm.o
LOAD _build/nrfx_saadc.o
LOAD _build/nrfx_spim.o
LOAD _build/nrfx_timer.o
LOAD _build/nrfx_twi.o
LOAD _build/nrfx_twim.o
LOAD _build/nrfx_uart.o
LOAD _build/nrfx_uarte.o
LOAD _build/system_nrf52833.o
LOAD _build/app_error_weak.o
LOAD _build/gcc_startup_nrf52833.os
LOAD /usr/lib/gcc/arm-none-eabi/13.2.1/../../../arm-none-eabi/lib/thumb/v7e-m+fp/hard/libc.a
LOAD /usr/lib/gcc/arm-none-eabi/13.2.1/../../../arm-none-eabi/lib/thumb/v7e-m+fp/hard/libnosys.a
LOAD /usr/lib/gcc/arm-none-eabi/13.2.1/../../../arm-none-eabi/lib/thumb/v7e-m+fp/hard/libm.a
LOAD /usr/lib/gcc/arm-none-eabi/13.2.1/../../../arm-none-eabi/lib/thumb/v7e-m+fp/hard/libstdc++.a
END GROUP
START GROUP
LOAD /usr/lib/gcc/arm-none-eabi/13.2.1/thumb/v7e-m+fp/hard/libgcc.a
LOAD /usr/lib/gcc/arm-none-eabi/13.2.1/../../../arm-none-eabi/lib/thumb/v7e-m+fp/hard/libc.a
END GROUP
LOAD /usr/lib/gcc/arm-none-eabi/13.2.1/thumb/v7e-m+fp/hard/crtend.o
LOAD /usr/lib/gcc/arm-none-eabi/13.2.1/thumb/v7e-m+fp/hard/crtn.o
START GROUP
LOAD /usr/lib/gcc/arm-none-eabi/13.2.1/thumb/v7e-m+fp/hard/libgcc.a
LOAD /usr/lib/gcc/arm-none-eabi/13.2.1/../../../arm-none-eabi/lib/thumb/v7e-m+fp/hard/libc.a
LOAD /usr/lib/gcc/arm-none-eabi/13.2.1/../../../arm-none-eabi/lib/thumb/v7e-m+fp/hard/libnosys.a
END GROUP
                0x00001000                        FLASH_PAGE_SIZE = 0x1000
                0x00000004                        FLASH_DATA_PAGES_USED = 0x4

.tm_clone_table
                0x2000071c        0x0 load address 0x00011840
 .tm_clone_table
                0x2000071c        0x0 /usr/lib/gcc/arm-none-eabi/13.2.1/thumb/v7e-m+fp/hard/crtbegin.o
 .tm_clone_table
                0x2000071c        0x0 /usr/lib/gcc/arm-none-eabi/13.2.1/thumb/v7e-m+fp/hard/crtend.o

.igot.plt       0x2000071c        0x0 load address 0x00011840
 .igot.plt      0x2000071c        0x0 /usr/lib/gcc/arm-none-eabi/13.2.1/thumb/v7e-m+fp/hard/crtbegin.o
                0x2000071c                        . = ALIGN (0x4)

.svc_data       0x2000071c        0x0
                [!provide]                        PROVIDE (__start_svc_data = .)
 *(.svc_data)
                [!provide]                        PROVIDE (__stop_svc_data = .)

.fs_data        0x2000071c        0x0
                [!provide]                        PROVIDE (__start_fs_data = .)
 *(.fs_data)
                [!provide]                        PROVIDE (__stop_fs_data = .)

.log_dynamic_data
                0x2000071c        0x0
                0x2000071c                        PROVIDE (__start_log_dynamic_data = .)
 *(SORT_BY_NAME(.log_dynamic_data*))
                [!provide]                        PROVIDE (__stop_log_dynamic_data = .)

.cli_sorted_cmd_ptrs
                0x2000071c        0x0
                [!provide]                        PROVIDE (__start_cli_sorted_cmd_ptrs = .)
 *(.cli_sorted_cmd_ptrs)
                [!provide]                        PROVIDE (__stop_cli_sorted_cmd_ptrs = .)

.bss            0x2000071c      0xe00 load address 0x00011840
                0x2000071c                        . = ALIGN (0x4)
                0x2000071c                        __bss_start__ = .
 *(.bss*)
 .bss           0x2000071c       0x1c /usr/lib/gcc/arm-none-eabi/13.2.1/thumb/v7e-m+fp/hard/crtbegin.o
 .bss.latest_button
                0x20000738        0x1 _build/button.o
                0x20000738                latest_button
 .bss.option    0x20000739        0x1 _build/configuration_mode.o
 .bss.add_pill_type
                0x2000073a        0x1 _build/configuration_mode.o
 .bss.rem_selection
                0x2000073b        0x1 _build/configuration_mode.o
 .bss.match_count
                0x2000073c        0x1 _build/configuration_mode.o
 .bss.matching_indices
                0x2000073d       0x32 _build/configuration_mode.o
 .bss.rem_day   0x2000076f        0x1 _build/configuration_mode.o
 .bss.rem_pill_type
                0x20000770        0x1 _build/configuration_mode.o
 .bss.last_rtc_day
                0x20000771        0x1 _build/dispenser_system.o
 .bss.servo_angle
                0x20000772        0x4 _build/dispenser_system.o
                0x20000772                servo_angle
 *fill*         0x20000776        0x2 
 .bss.dispension_confirm_timer
                0x20000778        0x8 _build/dispenser_system.o
                0x20000778                dispension_confirm_timer
 .bss.dispension_in_progress
                0x20000780        0x2 _build/dispenser_system.o
                0x20000780                dispension_in_progress
 *fill*         0x20000782        0x2 
 .bss.pill_wait_timer
                0x20000784        0x8 _build/dispenser_system.o
                0x20000784                pill_wait_timer
 .bss.pill_waiting
                0x2000078c        0x2 _build/dispenser_system.o
                0x2000078c                pill_waiting
 .bss.container_counts
                0x2000078e        0x4 _build/dispenser_system.o
                0x2000078e                container_counts
 .bss.dispension_schedule
                0x20000792      0x12c _build/dispension.o
                0x20000792                dispension_schedule
 .bss.num_dispensions
                0x200008be        0x1 _build/dispension.o
                0x200008be                num_dispensions
 *fill*         0x200008bf        0x1 
 .bss.twi_mngr_instance_cb
                0x200008c0       0x1c _build/i2c_driver.o
 .bss.twi_mngr_instance_queue_nrf_queue_cb
                0x200008dc        0xc _build/i2c_driver.o
 .bss.twi_mngr_instance_queue_nrf_queue_buffer
                0x200008e8       0x10 _build/i2c_driver.o
 .bss.sensor_callback
                0x200008f8        0x4 _build/ir_sensor.o
 .bss.ir2_triggered
                0x200008fc        0x1 _build/ir_sensor.o
 .bss.ir1_triggered
                0x200008fd        0x1 _build/ir_sensor.o
 .bss.old_minute
                0x200008fe        0x1 _build/main.o
 *fill*         0x200008ff        0x1 
 .bss.old_temperature
                0x20000900        0x4 _build/main.o
 .bss.servo_pwm_values
                0x20000904        0x8 _build/servo.o
 .bss.callback_context
                0x2000090c        0x4 _build/temperature.o
 .bss.callback_fn
                0x20000910        0x4 _build/temperature.o
 .bss.m_async_mode
                0x20000914        0x1 _build/microbit_nrf_log_backend_uart.o
 .bss.m_xfer_done
                0x20000915        0x1 _build/microbit_nrf_log_backend_uart.o
 .bss.m_string_buff
                0x20000916       0x40 _build/microbit_nrf_log_backend_uart.o
 .bss.m_rtc1_reset
                0x20000956        0x1 _build/app_timer.o
 .bss.m_rtc1_running
                0x20000957        0x1 _build/app_timer.o
 .bss.m_ticks_elapsed_q_write_ind
                0x20000958        0x1 _build/app_timer.o
 .bss.m_ticks_elapsed_q_read_ind
                0x20000959        0x1 _build/app_timer.o
 *fill*         0x2000095a        0x2 
 .bss.m_ticks_elapsed
                0x2000095c        0x8 _build/app_timer.o
 .bss.m_ticks_latest
                0x20000964        0x4 _build/app_timer.o
 .bss.mp_timer_id_head
                0x20000968        0x4 _build/app_timer.o
 .bss.m_op_queue
                0x2000096c      0x10c _build/app_timer.o
 .bss.m_in_critical_region
                0x20000a78        0x4 _build/app_util_platform.o
 .bss.m_clock_cb
                0x20000a7c       0x14 _build/nrf_drv_clock.o
 .bss.m_contexts
                0x20000a90        0x8 _build/nrf_drv_twi.o
 .bss.m_handlers
                0x20000a98        0x8 _build/nrf_drv_twi.o
 .bss.nrf_drv_uart_use_easy_dma
                0x20000aa0        0x2 _build/nrf_drv_uart.o
                0x20000aa0                nrf_drv_uart_use_easy_dma
 *fill*         0x20000aa2        0x2 
 .bss.m_contexts
                0x20000aa4        0x8 _build/nrf_drv_uart.o
 .bss.m_handlers
                0x20000aac        0x8 _build/nrf_drv_uart.o
 .bss.m_log_data
                0x20000ab4      0x424 _build/nrf_log_frontend.o
 .bss.m_log_push_ringbuf_cb
                0x20000ed8       0x18 _build/nrf_log_frontend.o
 .bss.m_log_push_ringbuf_buf
                0x20000ef0       0x80 _build/nrf_log_frontend.o
 .bss.log_mempool_nrf_balloc_cb
                0x20000f70        0x8 _build/nrf_log_frontend.o
 .bss.log_mempool_nrf_balloc_pool_mem
                0x20000f78       0xc0 _build/nrf_log_frontend.o
 .bss.log_mempool_nrf_balloc_pool_stack
                0x20001038        0x8 _build/nrf_log_frontend.o
 .bss.m_clock_cb
                0x20001040        0x8 _build/nrfx_clock.o
 .bss.m_cb      0x20001048       0x68 _build/nrfx_gpiote.o
 .bss.m_prs_box_4
                0x200010b0        0x8 _build/nrfx_prs.o
 .bss.m_cb      0x200010b8       0x10 _build/nrfx_pwm.o
 .bss.m_cb      0x200010c8       0x30 _build/nrfx_saadc.o
 .bss.m_cb      0x200010f8       0x24 _build/nrfx_spim.o
 .bss.m_cb      0x2000111c       0x18 _build/nrfx_timer.o
 .bss.m_cb      0x20001134       0x68 _build/nrfx_twim.o
 .bss.m_cb      0x2000119c       0x2c _build/nrfx_uart.o
 .bss.m_cb      0x200011c8       0x48 _build/nrfx_uarte.o
 .bss           0x20001210      0x13c /usr/lib/gcc/arm-none-eabi/13.2.1/../../../arm-none-eabi/lib/thumb/v7e-m+fp/hard/libc.a(libc_a-findfp.o)
                0x20001210                __sf
                0x20001348                __stdio_exit_handler
 .bss           0x2000134c       0x34 /usr/lib/gcc/arm-none-eabi/13.2.1/../../../arm-none-eabi/lib/thumb/v7e-m+fp/hard/libc.a(libc_a-mallocr.o)
                0x2000134c                __malloc_top_pad
                0x20001350                __malloc_current_mallinfo
                0x20001378                __malloc_max_sbrked_mem
                0x2000137c                __malloc_max_total_mem
 .bss           0x20001380        0x4 /usr/lib/gcc/arm-none-eabi/13.2.1/../../../arm-none-eabi/lib/thumb/v7e-m+fp/hard/libc.a(libc_a-__call_atexit.o)
                0x20001380                __atexit
 .bss           0x20001384      0x190 /usr/lib/gcc/arm-none-eabi/13.2.1/../../../arm-none-eabi/lib/thumb/v7e-m+fp/hard/libc.a(libc_a-__atexit.o)
                0x20001384                __atexit0
 .bss           0x20001514        0x4 /usr/lib/gcc/arm-none-eabi/13.2.1/../../../arm-none-eabi/lib/thumb/v7e-m+fp/hard/libc.a(libc_a-reent.o)
                0x20001514                errno
 .bss           0x20001518        0x4 /usr/lib/gcc/arm-none-eabi/13.2.1/../../../arm-none-eabi/lib/thumb/v7e-m+fp/hard/libnosys.a(sbrk.o)
 *(COMMON)
                0x2000151c                        . = ALIGN (0x4)
                0x2000151c                        __bss_end__ = .

.heap           0x20001520     0x2000
                0x20001520                        __HeapBase = .
                0x20001520                        __end__ = .
                0x20001520                        PROVIDE (end = .)
 *(.heap*)
 .heap          0x20001520     0x2000 _build/gcc_startup_nrf52833.os
                0x20003520                        __HeapLimit = .

.stack_dummy    0x20001520     0x2000
 *(.stack*)
 .stack         0x20001520     0x2000 _build/gcc_startup_nrf52833.os
                0x20020000                        __StackTop = (ORIGIN (RAM) + LENGTH (RAM))
                0x2001e000                        __StackLimit = (__StackTop - SIZEOF (.stack_dummy))
                0x20020000                        PROVIDE (__stack = __StackTop)
                0x00000001                        ASSERT ((__StackLimit >= __HeapLimit), region RAM overflowed with stack)
                0x0000071c                        DataInitFlashUsed = (__bss_start__ - __data_start__)
                0x00011124                        CodeFlashUsed = (__etext - ORIGIN (FLASH))
                0x00011840                        TotalFlashUsed = (CodeFlashUsed + DataInitFlashUsed)
                0x00000001                        ASSERT ((TotalFlashUsed <= LENGTH (FLASH)), region FLASH overflowed with .data and user data)
OUTPUT(_build/pilldispenser_sdk16_blank.elf elf32-littlearm)
LOAD linker stubs

.ARM.attributes
                0x00000000       0x30
 .ARM.attributes
                0x00000000       0x22 /usr/lib/gcc/arm-none-eabi/13.2.1/thumb/v7e-m+fp/hard/crti.o
 .ARM.attributes
                0x00000022       0x34 /usr/lib/gcc/arm-none-eabi/13.2.1/thumb/v7e-m+fp/hard/crtbegin.o
 .ARM.attributes
                0x00000056       0x20 /usr/lib/gcc/arm-none-eabi/13.2.1/../../../arm-none-eabi/lib/thumb/v7e-m+fp/hard/crt0.o
 .ARM.attributes
                0x00000076       0x34 _build/alarm_system.o
 .ARM.attributes
                0x000000aa       0x34 _build/button.o
 .ARM.attributes
                0x000000de       0x34 _build/configuration_mode.o
 .ARM.attributes
                0x00000112       0x34 _build/dispenser_system.o
 .ARM.attributes
                0x00000146       0x34 _build/dispension.o
 .ARM.attributes
                0x0000017a       0x34 _build/display.o
 .ARM.attributes
                0x000001ae       0x34 _build/humidity.o
 .ARM.attributes
                0x000001e2       0x34 _build/i2c_driver.o
 .ARM.attributes
                0x00000216       0x34 _build/ir_sensor.o
 .ARM.attributes
                0x0000024a       0x34 _build/loading_mode.o
 .ARM.attributes
                0x0000027e       0x34 _build/main.o
 .ARM.attributes
                0x000002b2       0x34 _build/rtc.o
 .ARM.attributes
                0x000002e6       0x34 _build/servo.o
 .ARM.attributes
                0x0000031a       0x34 _build/temperature.o
 .ARM.attributes
                0x0000034e       0x34 _build/better_error_handling.o
 .ARM.attributes
                0x00000382       0x34 _build/clib_stubs.o
 .ARM.attributes
                0x000003b6       0x34 _build/microbit_before_startup.o
 .ARM.attributes
                0x000003ea       0x34 _build/microbit_nrf_log_backend_uart.o
 .ARM.attributes
                0x0000041e       0x34 _build/microbit_retarget.o
 .ARM.attributes
                0x00000452       0x34 _build/app_error_handler_gcc.o
 .ARM.attributes
                0x00000486       0x34 _build/app_timer.o
 .ARM.attributes
                0x000004ba       0x34 _build/app_util_platform.o
 .ARM.attributes
                0x000004ee       0x34 _build/hardfault_handler_gcc.o
 .ARM.attributes
                0x00000522       0x34 _build/nrf_assert.o
 .ARM.attributes
                0x00000556       0x34 _build/nrf_atomic.o
 .ARM.attributes
                0x0000058a       0x34 _build/nrf_balloc.o
 .ARM.attributes
                0x000005be       0x34 _build/nrf_drv_clock.o
 .ARM.attributes
                0x000005f2       0x34 _build/nrf_drv_twi.o
 .ARM.attributes
                0x00000626       0x34 _build/nrf_drv_uart.o
 .ARM.attributes
                0x0000065a       0x34 _build/nrf_fprintf.o
 .ARM.attributes
                0x0000068e       0x34 _build/nrf_fprintf_format.o
 .ARM.attributes
                0x000006c2       0x34 _build/nrf_log_backend_serial.o
 .ARM.attributes
                0x000006f6       0x34 _build/nrf_log_default_backends.o
 .ARM.attributes
                0x0000072a       0x34 _build/nrf_log_frontend.o
 .ARM.attributes
                0x0000075e       0x34 _build/nrf_log_str_formatter.o
 .ARM.attributes
                0x00000792       0x34 _build/nrf_memobj.o
 .ARM.attributes
                0x000007c6       0x34 _build/nrf_pwr_mgmt.o
 .ARM.attributes